mk-xii-05:3499645:3499843 [3] NCCL INFO Channel 15 : 3[3] -> 2[2] via SHM/direct/direct
mk-xii-05:3499649:3499841 [7] NCCL INFO Channel 01 : 7[7] -> 6[6] via SHM/direct/direct
mk-xii-05:3499649:3499841 [7] NCCL INFO Channel 03 : 7[7] -> 6[6] via SHM/direct/direct
mk-xii-05:3499649:3499841 [7] NCCL INFO Channel 05 : 7[7] -> 6[6] via SHM/direct/direct
mk-xii-05:3499649:3499841 [7] NCCL INFO Channel 07 : 7[7] -> 6[6] via SHM/direct/direct
mk-xii-05:3499649:3499841 [7] NCCL INFO Channel 09 : 7[7] -> 6[6] via SHM/direct/direct
mk-xii-05:3499649:3499841 [7] NCCL INFO Channel 11 : 7[7] -> 6[6] via SHM/direct/direct
mk-xii-05:3499649:3499841 [7] NCCL INFO Channel 13 : 7[7] -> 6[6] via SHM/direct/direct
mk-xii-05:3499649:3499841 [7] NCCL INFO Channel 15 : 7[7] -> 6[6] via SHM/direct/direct
mk-xii-05:3499642:3499837 [0] NCCL INFO Connected all trees
mk-xii-05:3499646:3499849 [4] NCCL INFO Connected all trees
mk-xii-05:3499643:3499847 [1] NCCL INFO Connected all trees
mk-xii-05:3499644:3499851 [2] NCCL INFO Connected all trees
mk-xii-05:3499645:3499843 [3] NCCL INFO Connected all trees
mk-xii-05:3499644:3499851 [2] NCCL INFO NVLS comm 0x76f1340 headRank 2 nHeads 4 buffSize 4194304 memSize 2097152 nvlsPerRankSize 201326592 nvlsTotalSize 805306368
mk-xii-05:3499649:3499841 [7] NCCL INFO Connected all trees
mk-xii-05:3499647:3499840 [5] NCCL INFO Connected all trees
mk-xii-05:3499642:3499837 [0] NCCL INFO NVLS comm 0x86bb7e0 headRank 0 nHeads 4 buffSize 4194304 memSize 2097152 nvlsPerRankSize 201326592 nvlsTotalSize 805306368
mk-xii-05:3499648:3499846 [6] NCCL INFO Connected all trees
mk-xii-05:3499646:3499849 [4] NCCL INFO NVLS comm 0x75cc4d0 headRank 0 nHeads 4 buffSize 4194304 memSize 2097152 nvlsPerRankSize 201326592 nvlsTotalSize 805306368
mk-xii-05:3499645:3499843 [3] NCCL INFO NVLS comm 0x7716120 headRank 3 nHeads 4 buffSize 4194304 memSize 2097152 nvlsPerRankSize 201326592 nvlsTotalSize 805306368
mk-xii-05:3499643:3499847 [1] NCCL INFO NVLS comm 0x70d9e30 headRank 1 nHeads 4 buffSize 4194304 memSize 2097152 nvlsPerRankSize 201326592 nvlsTotalSize 805306368
mk-xii-05:3499649:3499841 [7] NCCL INFO NVLS comm 0x72691e0 headRank 3 nHeads 4 buffSize 4194304 memSize 2097152 nvlsPerRankSize 201326592 nvlsTotalSize 805306368
mk-xii-05:3499647:3499840 [5] NCCL INFO NVLS comm 0x7142810 headRank 1 nHeads 4 buffSize 4194304 memSize 2097152 nvlsPerRankSize 201326592 nvlsTotalSize 805306368
mk-xii-05:3499648:3499846 [6] NCCL INFO NVLS comm 0x811c8a0 headRank 2 nHeads 4 buffSize 4194304 memSize 2097152 nvlsPerRankSize 201326592 nvlsTotalSize 805306368
mk-xii-05:3499642:3499837 [0] NCCL INFO Channel 01/0 : 4[4] -> 0[0] [receive] via NET/IBext_v8/4/GDRDMA
mk-xii-05:3499645:3499843 [3] NCCL INFO Channel 00/0 : 7[7] -> 3[3] [receive] via NET/IBext_v8/7/GDRDMA
mk-xii-05:3499645:3499843 [3] NCCL INFO Channel 01/0 : 7[7] -> 3[3] [receive] via NET/IBext_v8/7/GDRDMA
mk-xii-05:3499644:3499851 [2] NCCL INFO Channel 00/0 : 6[6] -> 2[2] [receive] via NET/IBext_v8/6/GDRDMA
mk-xii-05:3499643:3499847 [1] NCCL INFO Channel 00/0 : 5[5] -> 1[1] [receive] via NET/IBext_v8/5/GDRDMA
mk-xii-05:3499645:3499843 [3] NCCL INFO Channel 02/0 : 7[7] -> 3[3] [receive] via NET/IBext_v8/7/GDRDMA
mk-xii-05:3499645:3499843 [3] NCCL INFO Channel 03/0 : 7[7] -> 3[3] [receive] via NET/IBext_v8/7/GDRDMA
mk-xii-05:3499643:3499847 [1] NCCL INFO Channel 01/0 : 5[5] -> 1[1] [receive] via NET/IBext_v8/5/GDRDMA
mk-xii-05:3499642:3499837 [0] NCCL INFO Channel 03/0 : 4[4] -> 0[0] [receive] via NET/IBext_v8/4/GDRDMA
mk-xii-05:3499644:3499851 [2] NCCL INFO Channel 02/0 : 6[6] -> 2[2] [receive] via NET/IBext_v8/6/GDRDMA
mk-xii-05:3499645:3499843 [3] NCCL INFO Channel 04/0 : 7[7] -> 3[3] [receive] via NET/IBext_v8/7/GDRDMA
mk-xii-05:3499645:3499843 [3] NCCL INFO Channel 05/0 : 7[7] -> 3[3] [receive] via NET/IBext_v8/7/GDRDMA
mk-xii-05:3499643:3499847 [1] NCCL INFO Channel 02/0 : 5[5] -> 1[1] [receive] via NET/IBext_v8/5/GDRDMA
mk-xii-05:3499643:3499847 [1] NCCL INFO Channel 03/0 : 5[5] -> 1[1] [receive] via NET/IBext_v8/5/GDRDMA
mk-xii-05:3499642:3499837 [0] NCCL INFO Channel 05/0 : 4[4] -> 0[0] [receive] via NET/IBext_v8/4/GDRDMA
mk-xii-05:3499644:3499851 [2] NCCL INFO Channel 04/0 : 6[6] -> 2[2] [receive] via NET/IBext_v8/6/GDRDMA
mk-xii-05:3499645:3499843 [3] NCCL INFO Channel 06/0 : 7[7] -> 3[3] [receive] via NET/IBext_v8/7/GDRDMA
mk-xii-05:3499645:3499843 [3] NCCL INFO Channel 07/0 : 7[7] -> 3[3] [receive] via NET/IBext_v8/7/GDRDMA
mk-xii-05:3499643:3499847 [1] NCCL INFO Channel 04/0 : 5[5] -> 1[1] [receive] via NET/IBext_v8/5/GDRDMA
mk-xii-05:3499642:3499837 [0] NCCL INFO Channel 07/0 : 4[4] -> 0[0] [receive] via NET/IBext_v8/4/GDRDMA
mk-xii-05:3499644:3499851 [2] NCCL INFO Channel 06/0 : 6[6] -> 2[2] [receive] via NET/IBext_v8/6/GDRDMA
mk-xii-05:3499644:3499851 [2] NCCL INFO Channel 08/0 : 6[6] -> 2[2] [receive] via NET/IBext_v8/6/GDRDMA
mk-xii-05:3499645:3499843 [3] NCCL INFO Channel 08/0 : 7[7] -> 3[3] [receive] via NET/IBext_v8/7/GDRDMA
mk-xii-05:3499643:3499847 [1] NCCL INFO Channel 05/0 : 5[5] -> 1[1] [receive] via NET/IBext_v8/5/GDRDMA
mk-xii-05:3499642:3499837 [0] NCCL INFO Channel 09/0 : 4[4] -> 0[0] [receive] via NET/IBext_v8/4/GDRDMA
mk-xii-05:3499644:3499851 [2] NCCL INFO Channel 10/0 : 6[6] -> 2[2] [receive] via NET/IBext_v8/6/GDRDMA
mk-xii-05:3499644:3499851 [2] NCCL INFO Channel 12/0 : 6[6] -> 2[2] [receive] via NET/IBext_v8/6/GDRDMA
mk-xii-05:3499645:3499843 [3] NCCL INFO Channel 09/0 : 7[7] -> 3[3] [receive] via NET/IBext_v8/7/GDRDMA
mk-xii-05:3499643:3499847 [1] NCCL INFO Channel 06/0 : 5[5] -> 1[1] [receive] via NET/IBext_v8/5/GDRDMA
mk-xii-05:3499642:3499837 [0] NCCL INFO Channel 11/0 : 4[4] -> 0[0] [receive] via NET/IBext_v8/4/GDRDMA
mk-xii-05:3499644:3499851 [2] NCCL INFO Channel 14/0 : 6[6] -> 2[2] [receive] via NET/IBext_v8/6/GDRDMA
mk-xii-05:3499645:3499843 [3] NCCL INFO Channel 10/0 : 7[7] -> 3[3] [receive] via NET/IBext_v8/7/GDRDMA
mk-xii-05:3499642:3499837 [0] NCCL INFO Channel 13/0 : 4[4] -> 0[0] [receive] via NET/IBext_v8/4/GDRDMA
mk-xii-05:3499642:3499837 [0] NCCL INFO Channel 15/0 : 4[4] -> 0[0] [receive] via NET/IBext_v8/4/GDRDMA
mk-xii-05:3499643:3499847 [1] NCCL INFO Channel 07/0 : 5[5] -> 1[1] [receive] via NET/IBext_v8/5/GDRDMA
mk-xii-05:3499644:3499851 [2] NCCL INFO Channel 00/0 : 2[2] -> 6[6] [send] via NET/IBext_v8/6/GDRDMA
mk-xii-05:3499645:3499843 [3] NCCL INFO Channel 11/0 : 7[7] -> 3[3] [receive] via NET/IBext_v8/7/GDRDMA
mk-xii-05:3499645:3499843 [3] NCCL INFO Channel 12/0 : 7[7] -> 3[3] [receive] via NET/IBext_v8/7/GDRDMA
mk-xii-05:3499642:3499837 [0] NCCL INFO Channel 01/0 : 0[0] -> 4[4] [send] via NET/IBext_v8/4/GDRDMA
mk-xii-05:3499642:3499837 [0] NCCL INFO Channel 03/0 : 0[0] -> 4[4] [send] via NET/IBext_v8/4/GDRDMA
mk-xii-05:3499643:3499847 [1] NCCL INFO Channel 08/0 : 5[5] -> 1[1] [receive] via NET/IBext_v8/5/GDRDMA
mk-xii-05:3499644:3499851 [2] NCCL INFO Channel 02/0 : 2[2] -> 6[6] [send] via NET/IBext_v8/6/GDRDMA
mk-xii-05:3499645:3499843 [3] NCCL INFO Channel 13/0 : 7[7] -> 3[3] [receive] via NET/IBext_v8/7/GDRDMA
mk-xii-05:3499645:3499843 [3] NCCL INFO Channel 14/0 : 7[7] -> 3[3] [receive] via NET/IBext_v8/7/GDRDMA
mk-xii-05:3499642:3499837 [0] NCCL INFO Channel 05/0 : 0[0] -> 4[4] [send] via NET/IBext_v8/4/GDRDMA
mk-xii-05:3499642:3499837 [0] NCCL INFO Channel 07/0 : 0[0] -> 4[4] [send] via NET/IBext_v8/4/GDRDMA
mk-xii-05:3499643:3499847 [1] NCCL INFO Channel 09/0 : 5[5] -> 1[1] [receive] via NET/IBext_v8/5/GDRDMA
mk-xii-05:3499644:3499851 [2] NCCL INFO Channel 04/0 : 2[2] -> 6[6] [send] via NET/IBext_v8/6/GDRDMA
mk-xii-05:3499644:3499851 [2] NCCL INFO Channel 06/0 : 2[2] -> 6[6] [send] via NET/IBext_v8/6/GDRDMA
mk-xii-05:3499645:3499843 [3] NCCL INFO Channel 15/0 : 7[7] -> 3[3] [receive] via NET/IBext_v8/7/GDRDMA
mk-xii-05:3499645:3499843 [3] NCCL INFO Channel 00/0 : 3[3] -> 7[7] [send] via NET/IBext_v8/7/GDRDMA
mk-xii-05:3499642:3499837 [0] NCCL INFO Channel 09/0 : 0[0] -> 4[4] [send] via NET/IBext_v8/4/GDRDMA
mk-xii-05:3499644:3499851 [2] NCCL INFO Channel 08/0 : 2[2] -> 6[6] [send] via NET/IBext_v8/6/GDRDMA
mk-xii-05:3499644:3499851 [2] NCCL INFO Channel 10/0 : 2[2] -> 6[6] [send] via NET/IBext_v8/6/GDRDMA
mk-xii-05:3499645:3499843 [3] NCCL INFO Channel 01/0 : 3[3] -> 7[7] [send] via NET/IBext_v8/7/GDRDMA
mk-xii-05:3499642:3499837 [0] NCCL INFO Channel 11/0 : 0[0] -> 4[4] [send] via NET/IBext_v8/4/GDRDMA
mk-xii-05:3499642:3499837 [0] NCCL INFO Channel 13/0 : 0[0] -> 4[4] [send] via NET/IBext_v8/4/GDRDMA
mk-xii-05:3499644:3499851 [2] NCCL INFO Channel 12/0 : 2[2] -> 6[6] [send] via NET/IBext_v8/6/GDRDMA
mk-xii-05:3499644:3499851 [2] NCCL INFO Channel 14/0 : 2[2] -> 6[6] [send] via NET/IBext_v8/6/GDRDMA
mk-xii-05:3499645:3499843 [3] NCCL INFO Channel 02/0 : 3[3] -> 7[7] [send] via NET/IBext_v8/7/GDRDMA
mk-xii-05:3499645:3499843 [3] NCCL INFO Channel 03/0 : 3[3] -> 7[7] [send] via NET/IBext_v8/7/GDRDMA
mk-xii-05:3499645:3499843 [3] NCCL INFO Channel 04/0 : 3[3] -> 7[7] [send] via NET/IBext_v8/7/GDRDMA
mk-xii-05:3499642:3499837 [0] NCCL INFO Channel 15/0 : 0[0] -> 4[4] [send] via NET/IBext_v8/4/GDRDMA
mk-xii-05:3499645:3499843 [3] NCCL INFO Channel 05/0 : 3[3] -> 7[7] [send] via NET/IBext_v8/7/GDRDMA
mk-xii-05:3499645:3499843 [3] NCCL INFO Channel 06/0 : 3[3] -> 7[7] [send] via NET/IBext_v8/7/GDRDMA
mk-xii-05:3499645:3499843 [3] NCCL INFO Channel 07/0 : 3[3] -> 7[7] [send] via NET/IBext_v8/7/GDRDMA
mk-xii-05:3499645:3499843 [3] NCCL INFO Channel 08/0 : 3[3] -> 7[7] [send] via NET/IBext_v8/7/GDRDMA
mk-xii-05:3499645:3499843 [3] NCCL INFO Channel 09/0 : 3[3] -> 7[7] [send] via NET/IBext_v8/7/GDRDMA
mk-xii-05:3499645:3499843 [3] NCCL INFO Channel 10/0 : 3[3] -> 7[7] [send] via NET/IBext_v8/7/GDRDMA
mk-xii-05:3499645:3499843 [3] NCCL INFO Channel 11/0 : 3[3] -> 7[7] [send] via NET/IBext_v8/7/GDRDMA
mk-xii-05:3499646:3499849 [4] NCCL INFO Channel 01/0 : 0[0] -> 4[4] [receive] via NET/IBext_v8/0/GDRDMA
mk-xii-05:3499645:3499843 [3] NCCL INFO Channel 12/0 : 3[3] -> 7[7] [send] via NET/IBext_v8/7/GDRDMA
mk-xii-05:3499646:3499849 [4] NCCL INFO Channel 03/0 : 0[0] -> 4[4] [receive] via NET/IBext_v8/0/GDRDMA
mk-xii-05:3499645:3499843 [3] NCCL INFO Channel 13/0 : 3[3] -> 7[7] [send] via NET/IBext_v8/7/GDRDMA
mk-xii-05:3499645:3499843 [3] NCCL INFO Channel 14/0 : 3[3] -> 7[7] [send] via NET/IBext_v8/7/GDRDMA
mk-xii-05:3499643:3499847 [1] NCCL INFO Channel 10/0 : 5[5] -> 1[1] [receive] via NET/IBext_v8/5/GDRDMA
mk-xii-05:3499646:3499849 [4] NCCL INFO Channel 05/0 : 0[0] -> 4[4] [receive] via NET/IBext_v8/0/GDRDMA
mk-xii-05:3499647:3499840 [5] NCCL INFO Channel 00/0 : 1[1] -> 5[5] [receive] via NET/IBext_v8/1/GDRDMA
mk-xii-05:3499649:3499841 [7] NCCL INFO Channel 00/0 : 3[3] -> 7[7] [receive] via NET/IBext_v8/3/GDRDMA
mk-xii-05:3499645:3499843 [3] NCCL INFO Channel 15/0 : 3[3] -> 7[7] [send] via NET/IBext_v8/7/GDRDMA
mk-xii-05:3499648:3499846 [6] NCCL INFO Channel 00/0 : 2[2] -> 6[6] [receive] via NET/IBext_v8/2/GDRDMA
mk-xii-05:3499643:3499847 [1] NCCL INFO Channel 11/0 : 5[5] -> 1[1] [receive] via NET/IBext_v8/5/GDRDMA
mk-xii-05:3499646:3499849 [4] NCCL INFO Channel 07/0 : 0[0] -> 4[4] [receive] via NET/IBext_v8/0/GDRDMA
mk-xii-05:3499646:3499849 [4] NCCL INFO Channel 09/0 : 0[0] -> 4[4] [receive] via NET/IBext_v8/0/GDRDMA
mk-xii-05:3499648:3499846 [6] NCCL INFO Channel 02/0 : 2[2] -> 6[6] [receive] via NET/IBext_v8/2/GDRDMA
mk-xii-05:3499643:3499847 [1] NCCL INFO Channel 12/0 : 5[5] -> 1[1] [receive] via NET/IBext_v8/5/GDRDMA
mk-xii-05:3499646:3499849 [4] NCCL INFO Channel 11/0 : 0[0] -> 4[4] [receive] via NET/IBext_v8/0/GDRDMA
mk-xii-05:3499646:3499849 [4] NCCL INFO Channel 13/0 : 0[0] -> 4[4] [receive] via NET/IBext_v8/0/GDRDMA
mk-xii-05:3499648:3499846 [6] NCCL INFO Channel 04/0 : 2[2] -> 6[6] [receive] via NET/IBext_v8/2/GDRDMA
mk-xii-05:3499649:3499841 [7] NCCL INFO Channel 01/0 : 3[3] -> 7[7] [receive] via NET/IBext_v8/3/GDRDMA
mk-xii-05:3499643:3499847 [1] NCCL INFO Channel 13/0 : 5[5] -> 1[1] [receive] via NET/IBext_v8/5/GDRDMA
mk-xii-05:3499646:3499849 [4] NCCL INFO Channel 15/0 : 0[0] -> 4[4] [receive] via NET/IBext_v8/0/GDRDMA
mk-xii-05:3499646:3499849 [4] NCCL INFO Channel 01/0 : 4[4] -> 0[0] [send] via NET/IBext_v8/0/GDRDMA
mk-xii-05:3499648:3499846 [6] NCCL INFO Channel 06/0 : 2[2] -> 6[6] [receive] via NET/IBext_v8/2/GDRDMA
mk-xii-05:3499643:3499847 [1] NCCL INFO Channel 14/0 : 5[5] -> 1[1] [receive] via NET/IBext_v8/5/GDRDMA
mk-xii-05:3499649:3499841 [7] NCCL INFO Channel 02/0 : 3[3] -> 7[7] [receive] via NET/IBext_v8/3/GDRDMA
mk-xii-05:3499646:3499849 [4] NCCL INFO Channel 03/0 : 4[4] -> 0[0] [send] via NET/IBext_v8/0/GDRDMA
mk-xii-05:3499646:3499849 [4] NCCL INFO Channel 05/0 : 4[4] -> 0[0] [send] via NET/IBext_v8/0/GDRDMA
mk-xii-05:3499648:3499846 [6] NCCL INFO Channel 08/0 : 2[2] -> 6[6] [receive] via NET/IBext_v8/2/GDRDMA
mk-xii-05:3499643:3499847 [1] NCCL INFO Channel 15/0 : 5[5] -> 1[1] [receive] via NET/IBext_v8/5/GDRDMA
mk-xii-05:3499646:3499849 [4] NCCL INFO Channel 07/0 : 4[4] -> 0[0] [send] via NET/IBext_v8/0/GDRDMA
mk-xii-05:3499648:3499846 [6] NCCL INFO Channel 10/0 : 2[2] -> 6[6] [receive] via NET/IBext_v8/2/GDRDMA
mk-xii-05:3499647:3499840 [5] NCCL INFO Channel 01/0 : 1[1] -> 5[5] [receive] via NET/IBext_v8/1/GDRDMA
mk-xii-05:3499646:3499849 [4] NCCL INFO Channel 09/0 : 4[4] -> 0[0] [send] via NET/IBext_v8/0/GDRDMA
mk-xii-05:3499643:3499847 [1] NCCL INFO Channel 00/0 : 1[1] -> 5[5] [send] via NET/IBext_v8/5/GDRDMA
mk-xii-05:3499648:3499846 [6] NCCL INFO Channel 12/0 : 2[2] -> 6[6] [receive] via NET/IBext_v8/2/GDRDMA
mk-xii-05:3499648:3499846 [6] NCCL INFO Channel 14/0 : 2[2] -> 6[6] [receive] via NET/IBext_v8/2/GDRDMA
mk-xii-05:3499647:3499840 [5] NCCL INFO Channel 02/0 : 1[1] -> 5[5] [receive] via NET/IBext_v8/1/GDRDMA
mk-xii-05:3499646:3499849 [4] NCCL INFO Channel 11/0 : 4[4] -> 0[0] [send] via NET/IBext_v8/0/GDRDMA
mk-xii-05:3499643:3499847 [1] NCCL INFO Channel 01/0 : 1[1] -> 5[5] [send] via NET/IBext_v8/5/GDRDMA
mk-xii-05:3499648:3499846 [6] NCCL INFO Channel 00/0 : 6[6] -> 2[2] [send] via NET/IBext_v8/2/GDRDMA
mk-xii-05:3499648:3499846 [6] NCCL INFO Channel 02/0 : 6[6] -> 2[2] [send] via NET/IBext_v8/2/GDRDMA
mk-xii-05:3499647:3499840 [5] NCCL INFO Channel 03/0 : 1[1] -> 5[5] [receive] via NET/IBext_v8/1/GDRDMA
mk-xii-05:3499646:3499849 [4] NCCL INFO Channel 13/0 : 4[4] -> 0[0] [send] via NET/IBext_v8/0/GDRDMA
mk-xii-05:3499643:3499847 [1] NCCL INFO Channel 02/0 : 1[1] -> 5[5] [send] via NET/IBext_v8/5/GDRDMA
mk-xii-05:3499643:3499847 [1] NCCL INFO Channel 03/0 : 1[1] -> 5[5] [send] via NET/IBext_v8/5/GDRDMA
mk-xii-05:3499648:3499846 [6] NCCL INFO Channel 04/0 : 6[6] -> 2[2] [send] via NET/IBext_v8/2/GDRDMA
mk-xii-05:3499646:3499849 [4] NCCL INFO Channel 15/0 : 4[4] -> 0[0] [send] via NET/IBext_v8/0/GDRDMA
mk-xii-05:3499647:3499840 [5] NCCL INFO Channel 04/0 : 1[1] -> 5[5] [receive] via NET/IBext_v8/1/GDRDMA
mk-xii-05:3499647:3499840 [5] NCCL INFO Channel 05/0 : 1[1] -> 5[5] [receive] via NET/IBext_v8/1/GDRDMA
mk-xii-05:3499643:3499847 [1] NCCL INFO Channel 04/0 : 1[1] -> 5[5] [send] via NET/IBext_v8/5/GDRDMA
mk-xii-05:3499649:3499841 [7] NCCL INFO Channel 03/0 : 3[3] -> 7[7] [receive] via NET/IBext_v8/3/GDRDMA
mk-xii-05:3499648:3499846 [6] NCCL INFO Channel 06/0 : 6[6] -> 2[2] [send] via NET/IBext_v8/2/GDRDMA
mk-xii-05:3499647:3499840 [5] NCCL INFO Channel 06/0 : 1[1] -> 5[5] [receive] via NET/IBext_v8/1/GDRDMA
mk-xii-05:3499647:3499840 [5] NCCL INFO Channel 07/0 : 1[1] -> 5[5] [receive] via NET/IBext_v8/1/GDRDMA
mk-xii-05:3499647:3499840 [5] NCCL INFO Channel 08/0 : 1[1] -> 5[5] [receive] via NET/IBext_v8/1/GDRDMA
mk-xii-05:3499643:3499847 [1] NCCL INFO Channel 05/0 : 1[1] -> 5[5] [send] via NET/IBext_v8/5/GDRDMA
mk-xii-05:3499647:3499840 [5] NCCL INFO Channel 09/0 : 1[1] -> 5[5] [receive] via NET/IBext_v8/1/GDRDMA
mk-xii-05:3499647:3499840 [5] NCCL INFO Channel 10/0 : 1[1] -> 5[5] [receive] via NET/IBext_v8/1/GDRDMA
mk-xii-05:3499647:3499840 [5] NCCL INFO Channel 11/0 : 1[1] -> 5[5] [receive] via NET/IBext_v8/1/GDRDMA
mk-xii-05:3499647:3499840 [5] NCCL INFO Channel 12/0 : 1[1] -> 5[5] [receive] via NET/IBext_v8/1/GDRDMA
mk-xii-05:3499647:3499840 [5] NCCL INFO Channel 13/0 : 1[1] -> 5[5] [receive] via NET/IBext_v8/1/GDRDMA
mk-xii-05:3499647:3499840 [5] NCCL INFO Channel 14/0 : 1[1] -> 5[5] [receive] via NET/IBext_v8/1/GDRDMA
mk-xii-05:3499647:3499840 [5] NCCL INFO Channel 15/0 : 1[1] -> 5[5] [receive] via NET/IBext_v8/1/GDRDMA
mk-xii-05:3499647:3499840 [5] NCCL INFO Channel 00/0 : 5[5] -> 1[1] [send] via NET/IBext_v8/1/GDRDMA
mk-xii-05:3499647:3499840 [5] NCCL INFO Channel 01/0 : 5[5] -> 1[1] [send] via NET/IBext_v8/1/GDRDMA
mk-xii-05:3499647:3499840 [5] NCCL INFO Channel 02/0 : 5[5] -> 1[1] [send] via NET/IBext_v8/1/GDRDMA
mk-xii-05:3499648:3499846 [6] NCCL INFO Channel 08/0 : 6[6] -> 2[2] [send] via NET/IBext_v8/2/GDRDMA
mk-xii-05:3499643:3499847 [1] NCCL INFO Channel 06/0 : 1[1] -> 5[5] [send] via NET/IBext_v8/5/GDRDMA
mk-xii-05:3499643:3499847 [1] NCCL INFO Channel 07/0 : 1[1] -> 5[5] [send] via NET/IBext_v8/5/GDRDMA
mk-xii-05:3499643:3499847 [1] NCCL INFO Channel 08/0 : 1[1] -> 5[5] [send] via NET/IBext_v8/5/GDRDMA
mk-xii-05:3499643:3499847 [1] NCCL INFO Channel 09/0 : 1[1] -> 5[5] [send] via NET/IBext_v8/5/GDRDMA
mk-xii-05:3499649:3499841 [7] NCCL INFO Channel 04/0 : 3[3] -> 7[7] [receive] via NET/IBext_v8/3/GDRDMA
mk-xii-05:3499647:3499840 [5] NCCL INFO Channel 03/0 : 5[5] -> 1[1] [send] via NET/IBext_v8/1/GDRDMA
mk-xii-05:3499647:3499840 [5] NCCL INFO Channel 04/0 : 5[5] -> 1[1] [send] via NET/IBext_v8/1/GDRDMA
mk-xii-05:3499648:3499846 [6] NCCL INFO Channel 10/0 : 6[6] -> 2[2] [send] via NET/IBext_v8/2/GDRDMA
mk-xii-05:3499643:3499847 [1] NCCL INFO Channel 10/0 : 1[1] -> 5[5] [send] via NET/IBext_v8/5/GDRDMA
mk-xii-05:3499649:3499841 [7] NCCL INFO Channel 05/0 : 3[3] -> 7[7] [receive] via NET/IBext_v8/3/GDRDMA
mk-xii-05:3499649:3499841 [7] NCCL INFO Channel 06/0 : 3[3] -> 7[7] [receive] via NET/IBext_v8/3/GDRDMA
mk-xii-05:3499648:3499846 [6] NCCL INFO Channel 12/0 : 6[6] -> 2[2] [send] via NET/IBext_v8/2/GDRDMA
mk-xii-05:3499643:3499847 [1] NCCL INFO Channel 11/0 : 1[1] -> 5[5] [send] via NET/IBext_v8/5/GDRDMA
mk-xii-05:3499649:3499841 [7] NCCL INFO Channel 07/0 : 3[3] -> 7[7] [receive] via NET/IBext_v8/3/GDRDMA
mk-xii-05:3499649:3499841 [7] NCCL INFO Channel 08/0 : 3[3] -> 7[7] [receive] via NET/IBext_v8/3/GDRDMA
mk-xii-05:3499648:3499846 [6] NCCL INFO Channel 14/0 : 6[6] -> 2[2] [send] via NET/IBext_v8/2/GDRDMA
mk-xii-05:3499643:3499847 [1] NCCL INFO Channel 12/0 : 1[1] -> 5[5] [send] via NET/IBext_v8/5/GDRDMA
mk-xii-05:3499647:3499840 [5] NCCL INFO Channel 05/0 : 5[5] -> 1[1] [send] via NET/IBext_v8/1/GDRDMA
mk-xii-05:3499647:3499840 [5] NCCL INFO Channel 06/0 : 5[5] -> 1[1] [send] via NET/IBext_v8/1/GDRDMA
mk-xii-05:3499647:3499840 [5] NCCL INFO Channel 07/0 : 5[5] -> 1[1] [send] via NET/IBext_v8/1/GDRDMA
mk-xii-05:3499649:3499841 [7] NCCL INFO Channel 09/0 : 3[3] -> 7[7] [receive] via NET/IBext_v8/3/GDRDMA
mk-xii-05:3499643:3499847 [1] NCCL INFO Channel 13/0 : 1[1] -> 5[5] [send] via NET/IBext_v8/5/GDRDMA
mk-xii-05:3499643:3499847 [1] NCCL INFO Channel 14/0 : 1[1] -> 5[5] [send] via NET/IBext_v8/5/GDRDMA
mk-xii-05:3499647:3499840 [5] NCCL INFO Channel 08/0 : 5[5] -> 1[1] [send] via NET/IBext_v8/1/GDRDMA
mk-xii-05:3499643:3499847 [1] NCCL INFO Channel 15/0 : 1[1] -> 5[5] [send] via NET/IBext_v8/5/GDRDMA
mk-xii-05:3499647:3499840 [5] NCCL INFO Channel 09/0 : 5[5] -> 1[1] [send] via NET/IBext_v8/1/GDRDMA
mk-xii-05:3499647:3499840 [5] NCCL INFO Channel 10/0 : 5[5] -> 1[1] [send] via NET/IBext_v8/1/GDRDMA
mk-xii-05:3499647:3499840 [5] NCCL INFO Channel 11/0 : 5[5] -> 1[1] [send] via NET/IBext_v8/1/GDRDMA
mk-xii-05:3499647:3499840 [5] NCCL INFO Channel 12/0 : 5[5] -> 1[1] [send] via NET/IBext_v8/1/GDRDMA
mk-xii-05:3499647:3499840 [5] NCCL INFO Channel 13/0 : 5[5] -> 1[1] [send] via NET/IBext_v8/1/GDRDMA
mk-xii-05:3499647:3499840 [5] NCCL INFO Channel 14/0 : 5[5] -> 1[1] [send] via NET/IBext_v8/1/GDRDMA
mk-xii-05:3499649:3499841 [7] NCCL INFO Channel 10/0 : 3[3] -> 7[7] [receive] via NET/IBext_v8/3/GDRDMA
mk-xii-05:3499647:3499840 [5] NCCL INFO Channel 15/0 : 5[5] -> 1[1] [send] via NET/IBext_v8/1/GDRDMA
mk-xii-05:3499649:3499841 [7] NCCL INFO Channel 11/0 : 3[3] -> 7[7] [receive] via NET/IBext_v8/3/GDRDMA
mk-xii-05:3499649:3499841 [7] NCCL INFO Channel 12/0 : 3[3] -> 7[7] [receive] via NET/IBext_v8/3/GDRDMA
mk-xii-05:3499649:3499841 [7] NCCL INFO Channel 13/0 : 3[3] -> 7[7] [receive] via NET/IBext_v8/3/GDRDMA
mk-xii-05:3499649:3499841 [7] NCCL INFO Channel 14/0 : 3[3] -> 7[7] [receive] via NET/IBext_v8/3/GDRDMA
mk-xii-05:3499649:3499841 [7] NCCL INFO Channel 15/0 : 3[3] -> 7[7] [receive] via NET/IBext_v8/3/GDRDMA
mk-xii-05:3499649:3499841 [7] NCCL INFO Channel 00/0 : 7[7] -> 3[3] [send] via NET/IBext_v8/3/GDRDMA
mk-xii-05:3499649:3499841 [7] NCCL INFO Channel 01/0 : 7[7] -> 3[3] [send] via NET/IBext_v8/3/GDRDMA
mk-xii-05:3499649:3499841 [7] NCCL INFO Channel 02/0 : 7[7] -> 3[3] [send] via NET/IBext_v8/3/GDRDMA
mk-xii-05:3499649:3499841 [7] NCCL INFO Channel 03/0 : 7[7] -> 3[3] [send] via NET/IBext_v8/3/GDRDMA
mk-xii-05:3499649:3499841 [7] NCCL INFO Channel 04/0 : 7[7] -> 3[3] [send] via NET/IBext_v8/3/GDRDMA
mk-xii-05:3499649:3499841 [7] NCCL INFO Channel 05/0 : 7[7] -> 3[3] [send] via NET/IBext_v8/3/GDRDMA
mk-xii-05:3499649:3499841 [7] NCCL INFO Channel 06/0 : 7[7] -> 3[3] [send] via NET/IBext_v8/3/GDRDMA
mk-xii-05:3499649:3499841 [7] NCCL INFO Channel 07/0 : 7[7] -> 3[3] [send] via NET/IBext_v8/3/GDRDMA
mk-xii-05:3499649:3499841 [7] NCCL INFO Channel 08/0 : 7[7] -> 3[3] [send] via NET/IBext_v8/3/GDRDMA
mk-xii-05:3499649:3499841 [7] NCCL INFO Channel 09/0 : 7[7] -> 3[3] [send] via NET/IBext_v8/3/GDRDMA
mk-xii-05:3499649:3499841 [7] NCCL INFO Channel 10/0 : 7[7] -> 3[3] [send] via NET/IBext_v8/3/GDRDMA
mk-xii-05:3499649:3499841 [7] NCCL INFO Channel 11/0 : 7[7] -> 3[3] [send] via NET/IBext_v8/3/GDRDMA
mk-xii-05:3499649:3499841 [7] NCCL INFO Channel 12/0 : 7[7] -> 3[3] [send] via NET/IBext_v8/3/GDRDMA
mk-xii-05:3499649:3499841 [7] NCCL INFO Channel 13/0 : 7[7] -> 3[3] [send] via NET/IBext_v8/3/GDRDMA
mk-xii-05:3499649:3499841 [7] NCCL INFO Channel 14/0 : 7[7] -> 3[3] [send] via NET/IBext_v8/3/GDRDMA
mk-xii-05:3499649:3499841 [7] NCCL INFO Channel 15/0 : 7[7] -> 3[3] [send] via NET/IBext_v8/3/GDRDMA
mk-xii-05:3499646:3499849 [4] NCCL INFO Connected NVLS tree
mk-xii-05:3499642:3499837 [0] NCCL INFO Connected NVLS tree
mk-xii-05:3499642:3499837 [0] NCCL INFO threadThresholds 8/8/64 | 64/8/64 | 512 | 512
mk-xii-05:3499642:3499837 [0] NCCL INFO 16 coll channels, 0 collnet channels, 16 nvls channels, 16 p2p channels, 2 p2p channels per peer
mk-xii-05:3499646:3499849 [4] NCCL INFO threadThresholds 8/8/64 | 64/8/64 | 512 | 512
mk-xii-05:3499646:3499849 [4] NCCL INFO 16 coll channels, 0 collnet channels, 16 nvls channels, 16 p2p channels, 2 p2p channels per peer
mk-xii-05:3499648:3499846 [6] NCCL INFO Connected NVLS tree
mk-xii-05:3499648:3499846 [6] NCCL INFO threadThresholds 8/8/64 | 64/8/64 | 512 | 512
mk-xii-05:3499644:3499851 [2] NCCL INFO Connected NVLS tree
mk-xii-05:3499644:3499851 [2] NCCL INFO threadThresholds 8/8/64 | 64/8/64 | 512 | 512
mk-xii-05:3499644:3499851 [2] NCCL INFO 16 coll channels, 0 collnet channels, 16 nvls channels, 16 p2p channels, 2 p2p channels per peer
mk-xii-05:3499648:3499846 [6] NCCL INFO 16 coll channels, 0 collnet channels, 16 nvls channels, 16 p2p channels, 2 p2p channels per peer
mk-xii-05:3499645:3499843 [3] NCCL INFO Connected NVLS tree
mk-xii-05:3499645:3499843 [3] NCCL INFO threadThresholds 8/8/64 | 64/8/64 | 512 | 512
mk-xii-05:3499645:3499843 [3] NCCL INFO 16 coll channels, 0 collnet channels, 16 nvls channels, 16 p2p channels, 2 p2p channels per peer
mk-xii-05:3499649:3499841 [7] NCCL INFO Connected NVLS tree
mk-xii-05:3499649:3499841 [7] NCCL INFO threadThresholds 8/8/64 | 64/8/64 | 512 | 512
mk-xii-05:3499649:3499841 [7] NCCL INFO 16 coll channels, 0 collnet channels, 16 nvls channels, 16 p2p channels, 2 p2p channels per peer
mk-xii-05:3499643:3499847 [1] NCCL INFO Connected NVLS tree
mk-xii-05:3499643:3499847 [1] NCCL INFO threadThresholds 8/8/64 | 64/8/64 | 512 | 512
mk-xii-05:3499643:3499847 [1] NCCL INFO 16 coll channels, 0 collnet channels, 16 nvls channels, 16 p2p channels, 2 p2p channels per peer
mk-xii-05:3499647:3499840 [5] NCCL INFO Connected NVLS tree
mk-xii-05:3499647:3499840 [5] NCCL INFO threadThresholds 8/8/64 | 64/8/64 | 512 | 512
mk-xii-05:3499647:3499840 [5] NCCL INFO 16 coll channels, 0 collnet channels, 16 nvls channels, 16 p2p channels, 2 p2p channels per peer
mk-xii-05:3499643:3499847 [1] NCCL INFO comm 0x70d9e30 rank 1 nranks 8 cudaDev 1 nvmlDev 1 busId 12000 commId 0xf9f203da766d9933 - Init COMPLETE
mk-xii-05:3499644:3499851 [2] NCCL INFO comm 0x76f1340 rank 2 nranks 8 cudaDev 2 nvmlDev 2 busId 13000 commId 0xf9f203da766d9933 - Init COMPLETE
mk-xii-05:3499642:3499837 [0] NCCL INFO comm 0x86bb7e0 rank 0 nranks 8 cudaDev 0 nvmlDev 0 busId 11000 commId 0xf9f203da766d9933 - Init COMPLETE
mk-xii-05:3499645:3499843 [3] NCCL INFO comm 0x7716120 rank 3 nranks 8 cudaDev 3 nvmlDev 3 busId 14000 commId 0xf9f203da766d9933 - Init COMPLETE
mk-xii-05:3499647:3499840 [5] NCCL INFO comm 0x7142810 rank 5 nranks 8 cudaDev 5 nvmlDev 5 busId 22000 commId 0xf9f203da766d9933 - Init COMPLETE
mk-xii-05:3499649:3499841 [7] NCCL INFO comm 0x72691e0 rank 7 nranks 8 cudaDev 7 nvmlDev 7 busId 24000 commId 0xf9f203da766d9933 - Init COMPLETE
mk-xii-05:3499648:3499846 [6] NCCL INFO comm 0x811c8a0 rank 6 nranks 8 cudaDev 6 nvmlDev 6 busId 23000 commId 0xf9f203da766d9933 - Init COMPLETE
mk-xii-05:3499646:3499849 [4] NCCL INFO comm 0x75cc4d0 rank 4 nranks 8 cudaDev 4 nvmlDev 4 busId 21000 commId 0xf9f203da766d9933 - Init COMPLETE
Average all_reduce latency over 100 iterations: 0.1354 ms
mk-xii-05:3499645:3500026 [3] NCCL INFO [Service thread] Connection closed by localRank 3
mk-xii-05:3499643:3500028 [1] NCCL INFO [Service thread] Connection closed by localRank 1
mk-xii-05:3499644:3500030 [2] NCCL INFO [Service thread] Connection closed by localRank 2
mk-xii-05:3499642:3500035 [0] NCCL INFO [Service thread] Connection closed by localRank 0
mk-xii-05:3499647:3500019 [5] NCCL INFO [Service thread] Connection closed by localRank 1
mk-xii-05:3499648:3500021 [6] NCCL INFO [Service thread] Connection closed by localRank 2
mk-xii-05:3499646:3500017 [4] NCCL INFO [Service thread] Connection closed by localRank 0
mk-xii-05:3499649:3500024 [7] NCCL INFO [Service thread] Connection closed by localRank 3
mk-xii-05:3499646:3500072 [4] NCCL INFO comm 0x75cc4d0 rank 4 nranks 8 cudaDev 4 busId 21000 - Abort COMPLETE
mk-xii-05:3499644:3500068 [2] NCCL INFO comm 0x76f1340 rank 2 nranks 8 cudaDev 2 busId 13000 - Abort COMPLETE
mk-xii-05:3499648:3500071 [6] NCCL INFO comm 0x811c8a0 rank 6 nranks 8 cudaDev 6 busId 23000 - Abort COMPLETE
mk-xii-05:3499643:3500067 [1] NCCL INFO comm 0x70d9e30 rank 1 nranks 8 cudaDev 1 busId 12000 - Abort COMPLETE
mk-xii-05:3499645:3500066 [3] NCCL INFO comm 0x7716120 rank 3 nranks 8 cudaDev 3 busId 14000 - Abort COMPLETE
mk-xii-05:3499649:3500073 [7] NCCL INFO comm 0x72691e0 rank 7 nranks 8 cudaDev 7 busId 24000 - Abort COMPLETE
mk-xii-05:3499642:3500069 [0] NCCL INFO comm 0x86bb7e0 rank 0 nranks 8 cudaDev 0 busId 11000 - Abort COMPLETE
mk-xii-05:3499647:3500070 [5] NCCL INFO comm 0x7142810 rank 5 nranks 8 cudaDev 5 busId 22000 - Abort COMPLETE
