mk-xii-05:3499642:3499642 [0] NCCL INFO Bootstrap : Using enp50s0:172.27.35.115<0>
mk-xii-05:3499642:3499642 [0] NCCL INFO cudaDriverVersion 12020
NCCL version 2.20.5+cuda12.4
mk-xii-05:3499643:3499643 [1] NCCL INFO cudaDriverVersion 12020
mk-xii-05:3499648:3499648 [6] NCCL INFO cudaDriverVersion 12020
mk-xii-05:3499649:3499649 [7] NCCL INFO cudaDriverVersion 12020
mk-xii-05:3499647:3499647 [5] NCCL INFO cudaDriverVersion 12020
mk-xii-05:3499645:3499645 [3] NCCL INFO cudaDriverVersion 12020
mk-xii-05:3499646:3499646 [4] NCCL INFO cudaDriverVersion 12020
mk-xii-05:3499646:3499646 [4] NCCL INFO Bootstrap : Using enp50s0:172.27.35.115<0>
mk-xii-05:3499643:3499643 [1] NCCL INFO Bootstrap : Using enp50s0:172.27.35.115<0>
mk-xii-05:3499648:3499648 [6] NCCL INFO Bootstrap : Using enp50s0:172.27.35.115<0>
mk-xii-05:3499649:3499649 [7] NCCL INFO Bootstrap : Using enp50s0:172.27.35.115<0>
mk-xii-05:3499647:3499647 [5] NCCL INFO Bootstrap : Using enp50s0:172.27.35.115<0>
mk-xii-05:3499644:3499644 [2] NCCL INFO cudaDriverVersion 12020
mk-xii-05:3499645:3499645 [3] NCCL INFO Bootstrap : Using enp50s0:172.27.35.115<0>
mk-xii-05:3499644:3499644 [2] NCCL INFO Bootstrap : Using enp50s0:172.27.35.115<0>
mk-xii-05:3499646:3499849 [4] NCCL INFO Plugin Path : /opt/hpcx/nccl_rdma_sharp_plugin/lib/libnccl-net.so
mk-xii-05:3499644:3499851 [2] NCCL INFO Plugin Path : /opt/hpcx/nccl_rdma_sharp_plugin/lib/libnccl-net.so
mk-xii-05:3499644:3499851 [2] NCCL INFO P2P plugin IBext_v8
mk-xii-05:3499646:3499849 [4] NCCL INFO P2P plugin IBext_v8
mk-xii-05:3499647:3499840 [5] NCCL INFO Plugin Path : /opt/hpcx/nccl_rdma_sharp_plugin/lib/libnccl-net.so
mk-xii-05:3499647:3499840 [5] NCCL INFO P2P plugin IBext_v8
mk-xii-05:3499644:3499851 [2] NCCL INFO NCCL_IB_MERGE_VFS set by environment to 0.
mk-xii-05:3499645:3499843 [3] NCCL INFO Plugin Path : /opt/hpcx/nccl_rdma_sharp_plugin/lib/libnccl-net.so
mk-xii-05:3499645:3499843 [3] NCCL INFO P2P plugin IBext_v8
mk-xii-05:3499646:3499849 [4] NCCL INFO NCCL_IB_MERGE_VFS set by environment to 0.
mk-xii-05:3499647:3499840 [5] NCCL INFO NCCL_IB_MERGE_VFS set by environment to 0.
mk-xii-05:3499645:3499843 [3] NCCL INFO NCCL_IB_MERGE_VFS set by environment to 0.
mk-xii-05:3499649:3499841 [7] NCCL INFO Plugin Path : /opt/hpcx/nccl_rdma_sharp_plugin/lib/libnccl-net.so
mk-xii-05:3499649:3499841 [7] NCCL INFO P2P plugin IBext_v8
mk-xii-05:3499642:3499837 [0] NCCL INFO Plugin Path : /opt/hpcx/nccl_rdma_sharp_plugin/lib/libnccl-net.so
mk-xii-05:3499642:3499837 [0] NCCL INFO P2P plugin IBext_v8
mk-xii-05:3499649:3499841 [7] NCCL INFO NCCL_IB_MERGE_VFS set by environment to 0.
mk-xii-05:3499643:3499847 [1] NCCL INFO Plugin Path : /opt/hpcx/nccl_rdma_sharp_plugin/lib/libnccl-net.so
mk-xii-05:3499643:3499847 [1] NCCL INFO P2P plugin IBext_v8
mk-xii-05:3499642:3499837 [0] NCCL INFO NCCL_IB_MERGE_VFS set by environment to 0.
mk-xii-05:3499643:3499847 [1] NCCL INFO NCCL_IB_MERGE_VFS set by environment to 0.
mk-xii-05:3499644:3499851 [2] NCCL INFO NET/IB : Using [0]mlx5_0:1/IB/SHARP [1]mlx5_1:1/IB/SHARP [2]mlx5_2:1/IB/SHARP [3]mlx5_3:1/IB/SHARP [4]mlx5_5:1/IB/SHARP [5]mlx5_6:1/IB/SHARP [6]mlx5_7:1/IB/SHARP [7]mlx5_8:1/IB/SHARP [8]mlx5_4:1/RoCE [RO]; OOB enp50s0:172.27.35.115<0>
mk-xii-05:3499644:3499851 [2] NCCL INFO Using non-device net plugin version 0
mk-xii-05:3499644:3499851 [2] NCCL INFO Using network IBext_v8
mk-xii-05:3499647:3499840 [5] NCCL INFO NET/IB : Using [0]mlx5_0:1/IB/SHARP [1]mlx5_1:1/IB/SHARP [2]mlx5_2:1/IB/SHARP [3]mlx5_3:1/IB/SHARP [4]mlx5_5:1/IB/SHARP [5]mlx5_6:1/IB/SHARP [6]mlx5_7:1/IB/SHARP [7]mlx5_8:1/IB/SHARP [8]mlx5_4:1/RoCE [RO]; OOB enp50s0:172.27.35.115<0>
mk-xii-05:3499647:3499840 [5] NCCL INFO Using non-device net plugin version 0
mk-xii-05:3499647:3499840 [5] NCCL INFO Using network IBext_v8
mk-xii-05:3499646:3499849 [4] NCCL INFO NET/IB : Using [0]mlx5_0:1/IB/SHARP [1]mlx5_1:1/IB/SHARP [2]mlx5_2:1/IB/SHARP [3]mlx5_3:1/IB/SHARP [4]mlx5_5:1/IB/SHARP [5]mlx5_6:1/IB/SHARP [6]mlx5_7:1/IB/SHARP [7]mlx5_8:1/IB/SHARP [8]mlx5_4:1/RoCE [RO]; OOB enp50s0:172.27.35.115<0>
mk-xii-05:3499646:3499849 [4] NCCL INFO Using non-device net plugin version 0
mk-xii-05:3499646:3499849 [4] NCCL INFO Using network IBext_v8
mk-xii-05:3499645:3499843 [3] NCCL INFO NET/IB : Using [0]mlx5_0:1/IB/SHARP [1]mlx5_1:1/IB/SHARP [2]mlx5_2:1/IB/SHARP [3]mlx5_3:1/IB/SHARP [4]mlx5_5:1/IB/SHARP [5]mlx5_6:1/IB/SHARP [6]mlx5_7:1/IB/SHARP [7]mlx5_8:1/IB/SHARP [8]mlx5_4:1/RoCE [RO]; OOB enp50s0:172.27.35.115<0>
mk-xii-05:3499648:3499846 [6] NCCL INFO Plugin Path : /opt/hpcx/nccl_rdma_sharp_plugin/lib/libnccl-net.so
mk-xii-05:3499645:3499843 [3] NCCL INFO Using non-device net plugin version 0
mk-xii-05:3499645:3499843 [3] NCCL INFO Using network IBext_v8
mk-xii-05:3499648:3499846 [6] NCCL INFO P2P plugin IBext_v8
mk-xii-05:3499649:3499841 [7] NCCL INFO NET/IB : Using [0]mlx5_0:1/IB/SHARP [1]mlx5_1:1/IB/SHARP [2]mlx5_2:1/IB/SHARP [3]mlx5_3:1/IB/SHARP [4]mlx5_5:1/IB/SHARP [5]mlx5_6:1/IB/SHARP [6]mlx5_7:1/IB/SHARP [7]mlx5_8:1/IB/SHARP [8]mlx5_4:1/RoCE [RO]; OOB enp50s0:172.27.35.115<0>
mk-xii-05:3499649:3499841 [7] NCCL INFO Using non-device net plugin version 0
mk-xii-05:3499649:3499841 [7] NCCL INFO Using network IBext_v8
mk-xii-05:3499648:3499846 [6] NCCL INFO NCCL_IB_MERGE_VFS set by environment to 0.
mk-xii-05:3499643:3499847 [1] NCCL INFO NET/IB : Using [0]mlx5_0:1/IB/SHARP [1]mlx5_1:1/IB/SHARP [2]mlx5_2:1/IB/SHARP [3]mlx5_3:1/IB/SHARP [4]mlx5_5:1/IB/SHARP [5]mlx5_6:1/IB/SHARP [6]mlx5_7:1/IB/SHARP [7]mlx5_8:1/IB/SHARP [8]mlx5_4:1/RoCE [RO]; OOB enp50s0:172.27.35.115<0>
mk-xii-05:3499643:3499847 [1] NCCL INFO Using non-device net plugin version 0
mk-xii-05:3499643:3499847 [1] NCCL INFO Using network IBext_v8
mk-xii-05:3499642:3499837 [0] NCCL INFO NET/IB : Using [0]mlx5_0:1/IB/SHARP [1]mlx5_1:1/IB/SHARP [2]mlx5_2:1/IB/SHARP [3]mlx5_3:1/IB/SHARP [4]mlx5_5:1/IB/SHARP [5]mlx5_6:1/IB/SHARP [6]mlx5_7:1/IB/SHARP [7]mlx5_8:1/IB/SHARP [8]mlx5_4:1/RoCE [RO]; OOB enp50s0:172.27.35.115<0>
mk-xii-05:3499642:3499837 [0] NCCL INFO Using non-device net plugin version 0
mk-xii-05:3499642:3499837 [0] NCCL INFO Using network IBext_v8
mk-xii-05:3499648:3499846 [6] NCCL INFO NET/IB : Using [0]mlx5_0:1/IB/SHARP [1]mlx5_1:1/IB/SHARP [2]mlx5_2:1/IB/SHARP [3]mlx5_3:1/IB/SHARP [4]mlx5_5:1/IB/SHARP [5]mlx5_6:1/IB/SHARP [6]mlx5_7:1/IB/SHARP [7]mlx5_8:1/IB/SHARP [8]mlx5_4:1/RoCE [RO]; OOB enp50s0:172.27.35.115<0>
mk-xii-05:3499648:3499846 [6] NCCL INFO Using non-device net plugin version 0
mk-xii-05:3499648:3499846 [6] NCCL INFO Using network IBext_v8
mk-xii-05:3499646:3499849 [4] NCCL INFO comm 0x75cc4d0 rank 4 nranks 8 cudaDev 4 nvmlDev 4 busId 21000 commId 0xf9f203da766d9933 - Init START
mk-xii-05:3499644:3499851 [2] NCCL INFO comm 0x76f1340 rank 2 nranks 8 cudaDev 2 nvmlDev 2 busId 13000 commId 0xf9f203da766d9933 - Init START
mk-xii-05:3499648:3499846 [6] NCCL INFO comm 0x811c8a0 rank 6 nranks 8 cudaDev 6 nvmlDev 6 busId 23000 commId 0xf9f203da766d9933 - Init START
mk-xii-05:3499643:3499847 [1] NCCL INFO comm 0x70d9e30 rank 1 nranks 8 cudaDev 1 nvmlDev 1 busId 12000 commId 0xf9f203da766d9933 - Init START
mk-xii-05:3499645:3499843 [3] NCCL INFO comm 0x7716120 rank 3 nranks 8 cudaDev 3 nvmlDev 3 busId 14000 commId 0xf9f203da766d9933 - Init START
mk-xii-05:3499647:3499840 [5] NCCL INFO comm 0x7142810 rank 5 nranks 8 cudaDev 5 nvmlDev 5 busId 22000 commId 0xf9f203da766d9933 - Init START
mk-xii-05:3499649:3499841 [7] NCCL INFO comm 0x72691e0 rank 7 nranks 8 cudaDev 7 nvmlDev 7 busId 24000 commId 0xf9f203da766d9933 - Init START
mk-xii-05:3499642:3499837 [0] NCCL INFO comm 0x86bb7e0 rank 0 nranks 8 cudaDev 0 nvmlDev 0 busId 11000 commId 0xf9f203da766d9933 - Init START
mk-xii-05:3499642:3499837 [0] NCCL INFO NCCL_TOPO_FILE set by environment to /etc/crusoe/nccl_topo/h100-80gb-sxm-ib-qemu.xml
mk-xii-05:3499643:3499847 [1] NCCL INFO NCCL_TOPO_FILE set by environment to /etc/crusoe/nccl_topo/h100-80gb-sxm-ib-qemu.xml
mk-xii-05:3499644:3499851 [2] NCCL INFO NCCL_TOPO_FILE set by environment to /etc/crusoe/nccl_topo/h100-80gb-sxm-ib-qemu.xml
mk-xii-05:3499649:3499841 [7] NCCL INFO NCCL_TOPO_FILE set by environment to /etc/crusoe/nccl_topo/h100-80gb-sxm-ib-qemu.xml
mk-xii-05:3499648:3499846 [6] NCCL INFO NCCL_TOPO_FILE set by environment to /etc/crusoe/nccl_topo/h100-80gb-sxm-ib-qemu.xml
mk-xii-05:3499646:3499849 [4] NCCL INFO NCCL_TOPO_FILE set by environment to /etc/crusoe/nccl_topo/h100-80gb-sxm-ib-qemu.xml
mk-xii-05:3499647:3499840 [5] NCCL INFO NCCL_TOPO_FILE set by environment to /etc/crusoe/nccl_topo/h100-80gb-sxm-ib-qemu.xml
mk-xii-05:3499645:3499843 [3] NCCL INFO NCCL_TOPO_FILE set by environment to /etc/crusoe/nccl_topo/h100-80gb-sxm-ib-qemu.xml
mk-xii-05:3499649:3499841 [7] NCCL INFO NCCL_P2P_LEVEL set by environment to LOC
mk-xii-05:3499649:3499841 [7] NCCL INFO Setting affinity for GPU 7 to ffff,ffffffff,ffffffff,ff000000,00000000,00000000
mk-xii-05:3499649:3499841 [7] NCCL INFO NVLS multicast support is available on dev 7
mk-xii-05:3499646:3499849 [4] NCCL INFO NCCL_P2P_LEVEL set by environment to LOC
mk-xii-05:3499646:3499849 [4] NCCL INFO Setting affinity for GPU 4 to ffff,ffffffff,ffffffff,ff000000,00000000,00000000
mk-xii-05:3499646:3499849 [4] NCCL INFO NVLS multicast support is available on dev 4
mk-xii-05:3499647:3499840 [5] NCCL INFO NCCL_P2P_LEVEL set by environment to LOC
mk-xii-05:3499647:3499840 [5] NCCL INFO Setting affinity for GPU 5 to ffff,ffffffff,ffffffff,ff000000,00000000,00000000
mk-xii-05:3499647:3499840 [5] NCCL INFO NVLS multicast support is available on dev 5
mk-xii-05:3499648:3499846 [6] NCCL INFO NCCL_P2P_LEVEL set by environment to LOC
mk-xii-05:3499648:3499846 [6] NCCL INFO Setting affinity for GPU 6 to ffff,ffffffff,ffffffff,ff000000,00000000,00000000
mk-xii-05:3499648:3499846 [6] NCCL INFO NVLS multicast support is available on dev 6
mk-xii-05:3499643:3499847 [1] NCCL INFO NCCL_P2P_LEVEL set by environment to LOC
mk-xii-05:3499643:3499847 [1] NCCL INFO Setting affinity for GPU 1 to ffffff,ffffffff,ffffffff
mk-xii-05:3499643:3499847 [1] NCCL INFO NVLS multicast support is available on dev 1
mk-xii-05:3499642:3499837 [0] NCCL INFO NCCL_P2P_LEVEL set by environment to LOC
mk-xii-05:3499642:3499837 [0] NCCL INFO Setting affinity for GPU 0 to ffffff,ffffffff,ffffffff
mk-xii-05:3499642:3499837 [0] NCCL INFO NVLS multicast support is available on dev 0
mk-xii-05:3499644:3499851 [2] NCCL INFO NCCL_P2P_LEVEL set by environment to LOC
mk-xii-05:3499645:3499843 [3] NCCL INFO NCCL_P2P_LEVEL set by environment to LOC
mk-xii-05:3499645:3499843 [3] NCCL INFO Setting affinity for GPU 3 to ffffff,ffffffff,ffffffff
mk-xii-05:3499644:3499851 [2] NCCL INFO Setting affinity for GPU 2 to ffffff,ffffffff,ffffffff
mk-xii-05:3499644:3499851 [2] NCCL INFO NVLS multicast support is available on dev 2
mk-xii-05:3499645:3499843 [3] NCCL INFO NVLS multicast support is available on dev 3
mk-xii-05:3499645:3499843 [3] NCCL INFO comm 0x7716120 rank 3 nRanks 8 nNodes 2 localRanks 4 localRank 3 MNNVL 0
mk-xii-05:3499645:3499843 [3] NCCL INFO NVLS Head  0:  0  4
mk-xii-05:3499646:3499849 [4] NCCL INFO comm 0x75cc4d0 rank 4 nRanks 8 nNodes 2 localRanks 4 localRank 0 MNNVL 0
mk-xii-05:3499646:3499849 [4] NCCL INFO Trees [0] 5/-1/-1->4->0 [1] 5/-1/-1->4->7 [2] 5/0/-1->4->-1 [3] 5/-1/-1->4->7 [4] 5/-1/-1->4->0 [5] 5/-1/-1->4->7 [6] 5/0/-1->4->-1 [7] 5/-1/-1->4->7 [8] 5/-1/-1->4->0 [9] 5/-1/-1->4->7 [10] 5/0/-1->4->-1 [11] 5/-1/-1->4->7 [12] 5/-1/-1->4->0 [13] 5/-1/-1->4->7 [14] 5/0/-1->4->-1 [15] 5/-1/-1->4->7
mk-xii-05:3499647:3499840 [5] NCCL INFO comm 0x7142810 rank 5 nRanks 8 nNodes 2 localRanks 4 localRank 1 MNNVL 0
mk-xii-05:3499644:3499851 [2] NCCL INFO comm 0x76f1340 rank 2 nRanks 8 nNodes 2 localRanks 4 localRank 2 MNNVL 0
mk-xii-05:3499643:3499847 [1] NCCL INFO comm 0x70d9e30 rank 1 nRanks 8 nNodes 2 localRanks 4 localRank 1 MNNVL 0
mk-xii-05:3499648:3499846 [6] NCCL INFO comm 0x811c8a0 rank 6 nRanks 8 nNodes 2 localRanks 4 localRank 2 MNNVL 0
mk-xii-05:3499648:3499846 [6] NCCL INFO Trees [0] 7/-1/-1->6->5 [1] 7/-1/-1->6->2 [2] 7/-1/-1->6->5 [3] 7/2/-1->6->-1 [4] 7/-1/-1->6->5 [5] 7/-1/-1->6->2 [6] 7/-1/-1->6->5 [7] 7/2/-1->6->-1 [8] 7/-1/-1->6->5 [9] 7/-1/-1->6->2 [10] 7/-1/-1->6->5 [11] 7/2/-1->6->-1 [12] 7/-1/-1->6->5 [13] 7/-1/-1->6->2 [14] 7/-1/-1->6->5 [15] 7/2/-1->6->-1
mk-xii-05:3499642:3499837 [0] NCCL INFO comm 0x86bb7e0 rank 0 nRanks 8 nNodes 2 localRanks 4 localRank 0 MNNVL 0
mk-xii-05:3499649:3499841 [7] NCCL INFO comm 0x72691e0 rank 7 nRanks 8 nNodes 2 localRanks 4 localRank 3 MNNVL 0
mk-xii-05:3499645:3499843 [3] NCCL INFO NVLS Head  1:  1  5
mk-xii-05:3499645:3499843 [3] NCCL INFO NVLS Head  2:  2  6
mk-xii-05:3499646:3499849 [4] NCCL INFO P2P Chunksize set to 131072
mk-xii-05:3499647:3499840 [5] NCCL INFO Trees [0] 6/-1/-1->5->4 [1] -1/-1/-1->5->4 [2] 6/-1/-1->5->4 [3] -1/-1/-1->5->4 [4] 6/-1/-1->5->4 [5] -1/-1/-1->5->4 [6] 6/-1/-1->5->4 [7] -1/-1/-1->5->4 [8] 6/-1/-1->5->4 [9] -1/-1/-1->5->4 [10] 6/-1/-1->5->4 [11] -1/-1/-1->5->4 [12] 6/-1/-1->5->4 [13] -1/-1/-1->5->4 [14] 6/-1/-1->5->4 [15] -1/-1/-1->5->4
mk-xii-05:3499647:3499840 [5] NCCL INFO P2P Chunksize set to 131072
mk-xii-05:3499644:3499851 [2] NCCL INFO NVLS Head  0:  0  4
mk-xii-05:3499643:3499847 [1] NCCL INFO NVLS Head  0:  0  4
mk-xii-05:3499648:3499846 [6] NCCL INFO P2P Chunksize set to 131072
mk-xii-05:3499642:3499837 [0] NCCL INFO NVLS Head  0:  0  4
mk-xii-05:3499649:3499841 [7] NCCL INFO Trees [0] -1/-1/-1->7->6 [1] 4/-1/-1->7->6 [2] -1/-1/-1->7->6 [3] 4/-1/-1->7->6 [4] -1/-1/-1->7->6 [5] 4/-1/-1->7->6 [6] -1/-1/-1->7->6 [7] 4/-1/-1->7->6 [8] -1/-1/-1->7->6 [9] 4/-1/-1->7->6 [10] -1/-1/-1->7->6 [11] 4/-1/-1->7->6 [12] -1/-1/-1->7->6 [13] 4/-1/-1->7->6 [14] -1/-1/-1->7->6 [15] 4/-1/-1->7->6
mk-xii-05:3499645:3499843 [3] NCCL INFO NVLS Head  3:  3  7
mk-xii-05:3499645:3499843 [3] NCCL INFO Trees [0] -1/-1/-1->3->2 [1] 0/-1/-1->3->2 [2] -1/-1/-1->3->2 [3] 0/-1/-1->3->2 [4] -1/-1/-1->3->2 [5] 0/-1/-1->3->2 [6] -1/-1/-1->3->2 [7] 0/-1/-1->3->2 [8] -1/-1/-1->3->2 [9] 0/-1/-1->3->2 [10] -1/-1/-1->3->2 [11] 0/-1/-1->3->2 [12] -1/-1/-1->3->2 [13] 0/-1/-1->3->2 [14] -1/-1/-1->3->2 [15] 0/-1/-1->3->2
mk-xii-05:3499644:3499851 [2] NCCL INFO NVLS Head  1:  1  5
mk-xii-05:3499643:3499847 [1] NCCL INFO NVLS Head  1:  1  5
mk-xii-05:3499643:3499847 [1] NCCL INFO NVLS Head  2:  2  6
mk-xii-05:3499642:3499837 [0] NCCL INFO NVLS Head  1:  1  5
mk-xii-05:3499642:3499837 [0] NCCL INFO NVLS Head  2:  2  6
mk-xii-05:3499649:3499841 [7] NCCL INFO P2P Chunksize set to 131072
mk-xii-05:3499645:3499843 [3] NCCL INFO P2P Chunksize set to 131072
mk-xii-05:3499644:3499851 [2] NCCL INFO NVLS Head  2:  2  6
mk-xii-05:3499643:3499847 [1] NCCL INFO NVLS Head  3:  3  7
mk-xii-05:3499643:3499847 [1] NCCL INFO Trees [0] 2/-1/-1->1->0 [1] -1/-1/-1->1->0 [2] 2/-1/-1->1->0 [3] -1/-1/-1->1->0 [4] 2/-1/-1->1->0 [5] -1/-1/-1->1->0 [6] 2/-1/-1->1->0 [7] -1/-1/-1->1->0 [8] 2/-1/-1->1->0 [9] -1/-1/-1->1->0 [10] 2/-1/-1->1->0 [11] -1/-1/-1->1->0 [12] 2/-1/-1->1->0 [13] -1/-1/-1->1->0 [14] 2/-1/-1->1->0 [15] -1/-1/-1->1->0
mk-xii-05:3499642:3499837 [0] NCCL INFO NVLS Head  3:  3  7
mk-xii-05:3499642:3499837 [0] NCCL INFO Channel 00/16 :    0   3   2   1   4   7   6   5
mk-xii-05:3499644:3499851 [2] NCCL INFO NVLS Head  3:  3  7
mk-xii-05:3499644:3499851 [2] NCCL INFO Trees [0] 3/-1/-1->2->1 [1] 3/6/-1->2->-1 [2] 3/-1/-1->2->1 [3] 3/-1/-1->2->6 [4] 3/-1/-1->2->1 [5] 3/6/-1->2->-1 [6] 3/-1/-1->2->1 [7] 3/-1/-1->2->6 [8] 3/-1/-1->2->1 [9] 3/6/-1->2->-1 [10] 3/-1/-1->2->1 [11] 3/-1/-1->2->6 [12] 3/-1/-1->2->1 [13] 3/6/-1->2->-1 [14] 3/-1/-1->2->1 [15] 3/-1/-1->2->6
mk-xii-05:3499643:3499847 [1] NCCL INFO P2P Chunksize set to 131072
mk-xii-05:3499642:3499837 [0] NCCL INFO Channel 01/16 :    0   3   6   5   4   7   2   1
mk-xii-05:3499644:3499851 [2] NCCL INFO P2P Chunksize set to 131072
mk-xii-05:3499642:3499837 [0] NCCL INFO Channel 02/16 :    0   3   2   1   4   7   6   5
mk-xii-05:3499642:3499837 [0] NCCL INFO Channel 03/16 :    0   3   6   5   4   7   2   1
mk-xii-05:3499642:3499837 [0] NCCL INFO Channel 04/16 :    0   3   2   1   4   7   6   5
mk-xii-05:3499642:3499837 [0] NCCL INFO Channel 05/16 :    0   3   6   5   4   7   2   1
mk-xii-05:3499642:3499837 [0] NCCL INFO Channel 06/16 :    0   3   2   1   4   7   6   5
mk-xii-05:3499648:3499846 [6] NCCL INFO Channel 01/0 : 3[3] -> 6[6] [receive] via NET/IBext_v8/2/GDRDMA
mk-xii-05:3499642:3499837 [0] NCCL INFO Channel 07/16 :    0   3   6   5   4   7   2   1
mk-xii-05:3499642:3499837 [0] NCCL INFO Channel 08/16 :    0   3   2   1   4   7   6   5
mk-xii-05:3499642:3499837 [0] NCCL INFO Channel 09/16 :    0   3   6   5   4   7   2   1
mk-xii-05:3499648:3499846 [6] NCCL INFO Channel 03/0 : 3[3] -> 6[6] [receive] via NET/IBext_v8/2/GDRDMA
mk-xii-05:3499642:3499837 [0] NCCL INFO Channel 10/16 :    0   3   2   1   4   7   6   5
mk-xii-05:3499642:3499837 [0] NCCL INFO Channel 11/16 :    0   3   6   5   4   7   2   1
mk-xii-05:3499642:3499837 [0] NCCL INFO Channel 12/16 :    0   3   2   1   4   7   6   5
mk-xii-05:3499642:3499837 [0] NCCL INFO Channel 13/16 :    0   3   6   5   4   7   2   1
mk-xii-05:3499642:3499837 [0] NCCL INFO Channel 14/16 :    0   3   2   1   4   7   6   5
mk-xii-05:3499648:3499846 [6] NCCL INFO Channel 05/0 : 3[3] -> 6[6] [receive] via NET/IBext_v8/2/GDRDMA
mk-xii-05:3499642:3499837 [0] NCCL INFO Channel 15/16 :    0   3   6   5   4   7   2   1
mk-xii-05:3499642:3499837 [0] NCCL INFO Trees [0] 1/4/-1->0->-1 [1] 1/-1/-1->0->3 [2] 1/-1/-1->0->4 [3] 1/-1/-1->0->3 [4] 1/4/-1->0->-1 [5] 1/-1/-1->0->3 [6] 1/-1/-1->0->4 [7] 1/-1/-1->0->3 [8] 1/4/-1->0->-1 [9] 1/-1/-1->0->3 [10] 1/-1/-1->0->4 [11] 1/-1/-1->0->3 [12] 1/4/-1->0->-1 [13] 1/-1/-1->0->3 [14] 1/-1/-1->0->4 [15] 1/-1/-1->0->3
mk-xii-05:3499643:3499847 [1] NCCL INFO Channel 00/0 : 1[1] -> 4[4] [send] via NET/IBext_v8/4/GDRDMA
mk-xii-05:3499648:3499846 [6] NCCL INFO Channel 07/0 : 3[3] -> 6[6] [receive] via NET/IBext_v8/2/GDRDMA
mk-xii-05:3499642:3499837 [0] NCCL INFO P2P Chunksize set to 131072
mk-xii-05:3499643:3499847 [1] NCCL INFO Channel 02/0 : 1[1] -> 4[4] [send] via NET/IBext_v8/4/GDRDMA
mk-xii-05:3499648:3499846 [6] NCCL INFO Channel 09/0 : 3[3] -> 6[6] [receive] via NET/IBext_v8/2/GDRDMA
mk-xii-05:3499648:3499846 [6] NCCL INFO Channel 11/0 : 3[3] -> 6[6] [receive] via NET/IBext_v8/2/GDRDMA
mk-xii-05:3499648:3499846 [6] NCCL INFO Channel 13/0 : 3[3] -> 6[6] [receive] via NET/IBext_v8/2/GDRDMA
mk-xii-05:3499643:3499847 [1] NCCL INFO Channel 04/0 : 1[1] -> 4[4] [send] via NET/IBext_v8/4/GDRDMA
mk-xii-05:3499648:3499846 [6] NCCL INFO Channel 15/0 : 3[3] -> 6[6] [receive] via NET/IBext_v8/2/GDRDMA
mk-xii-05:3499643:3499847 [1] NCCL INFO Channel 06/0 : 1[1] -> 4[4] [send] via NET/IBext_v8/4/GDRDMA
mk-xii-05:3499643:3499847 [1] NCCL INFO Channel 08/0 : 1[1] -> 4[4] [send] via NET/IBext_v8/4/GDRDMA
mk-xii-05:3499643:3499847 [1] NCCL INFO Channel 10/0 : 1[1] -> 4[4] [send] via NET/IBext_v8/4/GDRDMA
mk-xii-05:3499643:3499847 [1] NCCL INFO Channel 12/0 : 1[1] -> 4[4] [send] via NET/IBext_v8/4/GDRDMA
mk-xii-05:3499642:3499837 [0] NCCL INFO Channel 00/0 : 5[5] -> 0[0] [receive] via NET/IBext_v8/4/GDRDMA
mk-xii-05:3499646:3499849 [4] NCCL INFO Channel 00/0 : 1[1] -> 4[4] [receive] via NET/IBext_v8/0/GDRDMA
mk-xii-05:3499643:3499847 [1] NCCL INFO Channel 14/0 : 1[1] -> 4[4] [send] via NET/IBext_v8/4/GDRDMA
mk-xii-05:3499642:3499837 [0] NCCL INFO Channel 02/0 : 5[5] -> 0[0] [receive] via NET/IBext_v8/4/GDRDMA
mk-xii-05:3499642:3499837 [0] NCCL INFO Channel 04/0 : 5[5] -> 0[0] [receive] via NET/IBext_v8/4/GDRDMA
mk-xii-05:3499642:3499837 [0] NCCL INFO Channel 06/0 : 5[5] -> 0[0] [receive] via NET/IBext_v8/4/GDRDMA
mk-xii-05:3499644:3499851 [2] NCCL INFO Channel 01/0 : 7[7] -> 2[2] [receive] via NET/IBext_v8/6/GDRDMA
mk-xii-05:3499647:3499840 [5] NCCL INFO Channel 00/0 : 5[5] -> 0[0] [send] via NET/IBext_v8/0/GDRDMA
mk-xii-05:3499642:3499837 [0] NCCL INFO Channel 08/0 : 5[5] -> 0[0] [receive] via NET/IBext_v8/4/GDRDMA
mk-xii-05:3499646:3499849 [4] NCCL INFO Channel 02/0 : 1[1] -> 4[4] [receive] via NET/IBext_v8/0/GDRDMA
mk-xii-05:3499646:3499849 [4] NCCL INFO Channel 04/0 : 1[1] -> 4[4] [receive] via NET/IBext_v8/0/GDRDMA
mk-xii-05:3499646:3499849 [4] NCCL INFO Channel 06/0 : 1[1] -> 4[4] [receive] via NET/IBext_v8/0/GDRDMA
mk-xii-05:3499644:3499851 [2] NCCL INFO Channel 03/0 : 7[7] -> 2[2] [receive] via NET/IBext_v8/6/GDRDMA
mk-xii-05:3499644:3499851 [2] NCCL INFO Channel 05/0 : 7[7] -> 2[2] [receive] via NET/IBext_v8/6/GDRDMA
mk-xii-05:3499646:3499849 [4] NCCL INFO Channel 08/0 : 1[1] -> 4[4] [receive] via NET/IBext_v8/0/GDRDMA
mk-xii-05:3499646:3499849 [4] NCCL INFO Channel 10/0 : 1[1] -> 4[4] [receive] via NET/IBext_v8/0/GDRDMA
mk-xii-05:3499646:3499849 [4] NCCL INFO Channel 12/0 : 1[1] -> 4[4] [receive] via NET/IBext_v8/0/GDRDMA
mk-xii-05:3499647:3499840 [5] NCCL INFO Channel 02/0 : 5[5] -> 0[0] [send] via NET/IBext_v8/0/GDRDMA
mk-xii-05:3499642:3499837 [0] NCCL INFO Channel 10/0 : 5[5] -> 0[0] [receive] via NET/IBext_v8/4/GDRDMA
mk-xii-05:3499647:3499840 [5] NCCL INFO Channel 04/0 : 5[5] -> 0[0] [send] via NET/IBext_v8/0/GDRDMA
mk-xii-05:3499644:3499851 [2] NCCL INFO Channel 07/0 : 7[7] -> 2[2] [receive] via NET/IBext_v8/6/GDRDMA
mk-xii-05:3499646:3499849 [4] NCCL INFO Channel 14/0 : 1[1] -> 4[4] [receive] via NET/IBext_v8/0/GDRDMA
mk-xii-05:3499642:3499837 [0] NCCL INFO Channel 12/0 : 5[5] -> 0[0] [receive] via NET/IBext_v8/4/GDRDMA
mk-xii-05:3499647:3499840 [5] NCCL INFO Channel 06/0 : 5[5] -> 0[0] [send] via NET/IBext_v8/0/GDRDMA
mk-xii-05:3499644:3499851 [2] NCCL INFO Channel 09/0 : 7[7] -> 2[2] [receive] via NET/IBext_v8/6/GDRDMA
mk-xii-05:3499644:3499851 [2] NCCL INFO Channel 11/0 : 7[7] -> 2[2] [receive] via NET/IBext_v8/6/GDRDMA
mk-xii-05:3499644:3499851 [2] NCCL INFO Channel 13/0 : 7[7] -> 2[2] [receive] via NET/IBext_v8/6/GDRDMA
mk-xii-05:3499644:3499851 [2] NCCL INFO Channel 15/0 : 7[7] -> 2[2] [receive] via NET/IBext_v8/6/GDRDMA
mk-xii-05:3499646:3499849 [4] NCCL INFO Channel 00 : 4[4] -> 7[7] via SHM/direct/direct
mk-xii-05:3499642:3499837 [0] NCCL INFO Channel 14/0 : 5[5] -> 0[0] [receive] via NET/IBext_v8/4/GDRDMA
mk-xii-05:3499642:3499837 [0] NCCL INFO Channel 00 : 0[0] -> 3[3] via SHM/direct/direct
mk-xii-05:3499642:3499837 [0] NCCL INFO Channel 01 : 0[0] -> 3[3] via SHM/direct/direct
mk-xii-05:3499647:3499840 [5] NCCL INFO Channel 08/0 : 5[5] -> 0[0] [send] via NET/IBext_v8/0/GDRDMA
mk-xii-05:3499646:3499849 [4] NCCL INFO Channel 01 : 4[4] -> 7[7] via SHM/direct/direct
mk-xii-05:3499642:3499837 [0] NCCL INFO Channel 02 : 0[0] -> 3[3] via SHM/direct/direct
mk-xii-05:3499647:3499840 [5] NCCL INFO Channel 10/0 : 5[5] -> 0[0] [send] via NET/IBext_v8/0/GDRDMA
mk-xii-05:3499646:3499849 [4] NCCL INFO Channel 02 : 4[4] -> 7[7] via SHM/direct/direct
mk-xii-05:3499642:3499837 [0] NCCL INFO Channel 03 : 0[0] -> 3[3] via SHM/direct/direct
mk-xii-05:3499646:3499849 [4] NCCL INFO Channel 03 : 4[4] -> 7[7] via SHM/direct/direct
mk-xii-05:3499642:3499837 [0] NCCL INFO Channel 04 : 0[0] -> 3[3] via SHM/direct/direct
mk-xii-05:3499647:3499840 [5] NCCL INFO Channel 12/0 : 5[5] -> 0[0] [send] via NET/IBext_v8/0/GDRDMA
mk-xii-05:3499647:3499840 [5] NCCL INFO Channel 14/0 : 5[5] -> 0[0] [send] via NET/IBext_v8/0/GDRDMA
mk-xii-05:3499646:3499849 [4] NCCL INFO Channel 04 : 4[4] -> 7[7] via SHM/direct/direct
mk-xii-05:3499646:3499849 [4] NCCL INFO Channel 05 : 4[4] -> 7[7] via SHM/direct/direct
mk-xii-05:3499646:3499849 [4] NCCL INFO Channel 06 : 4[4] -> 7[7] via SHM/direct/direct
mk-xii-05:3499642:3499837 [0] NCCL INFO Channel 05 : 0[0] -> 3[3] via SHM/direct/direct
mk-xii-05:3499646:3499849 [4] NCCL INFO Channel 07 : 4[4] -> 7[7] via SHM/direct/direct
mk-xii-05:3499642:3499837 [0] NCCL INFO Channel 06 : 0[0] -> 3[3] via SHM/direct/direct
mk-xii-05:3499646:3499849 [4] NCCL INFO Channel 08 : 4[4] -> 7[7] via SHM/direct/direct
mk-xii-05:3499642:3499837 [0] NCCL INFO Channel 07 : 0[0] -> 3[3] via SHM/direct/direct
mk-xii-05:3499646:3499849 [4] NCCL INFO Channel 09 : 4[4] -> 7[7] via SHM/direct/direct
mk-xii-05:3499642:3499837 [0] NCCL INFO Channel 08 : 0[0] -> 3[3] via SHM/direct/direct
mk-xii-05:3499646:3499849 [4] NCCL INFO Channel 10 : 4[4] -> 7[7] via SHM/direct/direct
mk-xii-05:3499642:3499837 [0] NCCL INFO Channel 09 : 0[0] -> 3[3] via SHM/direct/direct
mk-xii-05:3499642:3499837 [0] NCCL INFO Channel 10 : 0[0] -> 3[3] via SHM/direct/direct
mk-xii-05:3499642:3499837 [0] NCCL INFO Channel 11 : 0[0] -> 3[3] via SHM/direct/direct
mk-xii-05:3499642:3499837 [0] NCCL INFO Channel 12 : 0[0] -> 3[3] via SHM/direct/direct
mk-xii-05:3499642:3499837 [0] NCCL INFO Channel 13 : 0[0] -> 3[3] via SHM/direct/direct
mk-xii-05:3499646:3499849 [4] NCCL INFO Channel 11 : 4[4] -> 7[7] via SHM/direct/direct
mk-xii-05:3499642:3499837 [0] NCCL INFO Channel 14 : 0[0] -> 3[3] via SHM/direct/direct
mk-xii-05:3499646:3499849 [4] NCCL INFO Channel 12 : 4[4] -> 7[7] via SHM/direct/direct
mk-xii-05:3499642:3499837 [0] NCCL INFO Channel 15 : 0[0] -> 3[3] via SHM/direct/direct
mk-xii-05:3499645:3499843 [3] NCCL INFO Channel 01/0 : 3[3] -> 6[6] [send] via NET/IBext_v8/6/GDRDMA
mk-xii-05:3499646:3499849 [4] NCCL INFO Channel 13 : 4[4] -> 7[7] via SHM/direct/direct
mk-xii-05:3499645:3499843 [3] NCCL INFO Channel 03/0 : 3[3] -> 6[6] [send] via NET/IBext_v8/6/GDRDMA
mk-xii-05:3499646:3499849 [4] NCCL INFO Channel 14 : 4[4] -> 7[7] via SHM/direct/direct
mk-xii-05:3499646:3499849 [4] NCCL INFO Channel 15 : 4[4] -> 7[7] via SHM/direct/direct
mk-xii-05:3499649:3499841 [7] NCCL INFO Channel 01/0 : 7[7] -> 2[2] [send] via NET/IBext_v8/2/GDRDMA
mk-xii-05:3499649:3499841 [7] NCCL INFO Channel 03/0 : 7[7] -> 2[2] [send] via NET/IBext_v8/2/GDRDMA
mk-xii-05:3499645:3499843 [3] NCCL INFO Channel 05/0 : 3[3] -> 6[6] [send] via NET/IBext_v8/6/GDRDMA
mk-xii-05:3499645:3499843 [3] NCCL INFO Channel 07/0 : 3[3] -> 6[6] [send] via NET/IBext_v8/6/GDRDMA
mk-xii-05:3499645:3499843 [3] NCCL INFO Channel 09/0 : 3[3] -> 6[6] [send] via NET/IBext_v8/6/GDRDMA
mk-xii-05:3499645:3499843 [3] NCCL INFO Channel 11/0 : 3[3] -> 6[6] [send] via NET/IBext_v8/6/GDRDMA
mk-xii-05:3499649:3499841 [7] NCCL INFO Channel 05/0 : 7[7] -> 2[2] [send] via NET/IBext_v8/2/GDRDMA
mk-xii-05:3499645:3499843 [3] NCCL INFO Channel 13/0 : 3[3] -> 6[6] [send] via NET/IBext_v8/6/GDRDMA
mk-xii-05:3499649:3499841 [7] NCCL INFO Channel 07/0 : 7[7] -> 2[2] [send] via NET/IBext_v8/2/GDRDMA
mk-xii-05:3499645:3499843 [3] NCCL INFO Channel 15/0 : 3[3] -> 6[6] [send] via NET/IBext_v8/6/GDRDMA
mk-xii-05:3499645:3499843 [3] NCCL INFO Channel 00 : 3[3] -> 2[2] via SHM/direct/direct
mk-xii-05:3499645:3499843 [3] NCCL INFO Channel 02 : 3[3] -> 2[2] via SHM/direct/direct
mk-xii-05:3499645:3499843 [3] NCCL INFO Channel 04 : 3[3] -> 2[2] via SHM/direct/direct
mk-xii-05:3499649:3499841 [7] NCCL INFO Channel 09/0 : 7[7] -> 2[2] [send] via NET/IBext_v8/2/GDRDMA
mk-xii-05:3499649:3499841 [7] NCCL INFO Channel 11/0 : 7[7] -> 2[2] [send] via NET/IBext_v8/2/GDRDMA
mk-xii-05:3499649:3499841 [7] NCCL INFO Channel 13/0 : 7[7] -> 2[2] [send] via NET/IBext_v8/2/GDRDMA
mk-xii-05:3499649:3499841 [7] NCCL INFO Channel 15/0 : 7[7] -> 2[2] [send] via NET/IBext_v8/2/GDRDMA
mk-xii-05:3499649:3499841 [7] NCCL INFO Channel 00 : 7[7] -> 6[6] via SHM/direct/direct
mk-xii-05:3499649:3499841 [7] NCCL INFO Channel 02 : 7[7] -> 6[6] via SHM/direct/direct
mk-xii-05:3499649:3499841 [7] NCCL INFO Channel 04 : 7[7] -> 6[6] via SHM/direct/direct
mk-xii-05:3499645:3499843 [3] NCCL INFO Channel 06 : 3[3] -> 2[2] via SHM/direct/direct
mk-xii-05:3499645:3499843 [3] NCCL INFO Channel 08 : 3[3] -> 2[2] via SHM/direct/direct
mk-xii-05:3499645:3499843 [3] NCCL INFO Channel 10 : 3[3] -> 2[2] via SHM/direct/direct
mk-xii-05:3499645:3499843 [3] NCCL INFO Channel 12 : 3[3] -> 2[2] via SHM/direct/direct
mk-xii-05:3499645:3499843 [3] NCCL INFO Channel 14 : 3[3] -> 2[2] via SHM/direct/direct
mk-xii-05:3499649:3499841 [7] NCCL INFO Channel 06 : 7[7] -> 6[6] via SHM/direct/direct
mk-xii-05:3499649:3499841 [7] NCCL INFO Channel 08 : 7[7] -> 6[6] via SHM/direct/direct
mk-xii-05:3499649:3499841 [7] NCCL INFO Channel 10 : 7[7] -> 6[6] via SHM/direct/direct
mk-xii-05:3499647:3499840 [5] NCCL INFO Channel 01 : 5[5] -> 4[4] via SHM/direct/direct
mk-xii-05:3499649:3499841 [7] NCCL INFO Channel 12 : 7[7] -> 6[6] via SHM/direct/direct
mk-xii-05:3499649:3499841 [7] NCCL INFO Channel 14 : 7[7] -> 6[6] via SHM/direct/direct
mk-xii-05:3499648:3499846 [6] NCCL INFO Channel 00 : 6[6] -> 5[5] via SHM/direct/direct
mk-xii-05:3499647:3499840 [5] NCCL INFO Channel 03 : 5[5] -> 4[4] via SHM/direct/direct
mk-xii-05:3499648:3499846 [6] NCCL INFO Channel 01 : 6[6] -> 5[5] via SHM/direct/direct
mk-xii-05:3499647:3499840 [5] NCCL INFO Channel 05 : 5[5] -> 4[4] via SHM/direct/direct
mk-xii-05:3499644:3499851 [2] NCCL INFO Channel 00 : 2[2] -> 1[1] via SHM/direct/direct
mk-xii-05:3499644:3499851 [2] NCCL INFO Channel 01 : 2[2] -> 1[1] via SHM/direct/direct
mk-xii-05:3499648:3499846 [6] NCCL INFO Channel 02 : 6[6] -> 5[5] via SHM/direct/direct
mk-xii-05:3499644:3499851 [2] NCCL INFO Channel 02 : 2[2] -> 1[1] via SHM/direct/direct
mk-xii-05:3499647:3499840 [5] NCCL INFO Channel 07 : 5[5] -> 4[4] via SHM/direct/direct
mk-xii-05:3499647:3499840 [5] NCCL INFO Channel 09 : 5[5] -> 4[4] via SHM/direct/direct
mk-xii-05:3499647:3499840 [5] NCCL INFO Channel 11 : 5[5] -> 4[4] via SHM/direct/direct
mk-xii-05:3499647:3499840 [5] NCCL INFO Channel 13 : 5[5] -> 4[4] via SHM/direct/direct
mk-xii-05:3499647:3499840 [5] NCCL INFO Channel 15 : 5[5] -> 4[4] via SHM/direct/direct
mk-xii-05:3499643:3499847 [1] NCCL INFO Channel 01 : 1[1] -> 0[0] via SHM/direct/direct
mk-xii-05:3499648:3499846 [6] NCCL INFO Channel 03 : 6[6] -> 5[5] via SHM/direct/direct
mk-xii-05:3499644:3499851 [2] NCCL INFO Channel 03 : 2[2] -> 1[1] via SHM/direct/direct
mk-xii-05:3499644:3499851 [2] NCCL INFO Channel 04 : 2[2] -> 1[1] via SHM/direct/direct
mk-xii-05:3499644:3499851 [2] NCCL INFO Channel 05 : 2[2] -> 1[1] via SHM/direct/direct
mk-xii-05:3499643:3499847 [1] NCCL INFO Channel 03 : 1[1] -> 0[0] via SHM/direct/direct
mk-xii-05:3499648:3499846 [6] NCCL INFO Channel 04 : 6[6] -> 5[5] via SHM/direct/direct
mk-xii-05:3499644:3499851 [2] NCCL INFO Channel 06 : 2[2] -> 1[1] via SHM/direct/direct
mk-xii-05:3499643:3499847 [1] NCCL INFO Channel 05 : 1[1] -> 0[0] via SHM/direct/direct
mk-xii-05:3499648:3499846 [6] NCCL INFO Channel 05 : 6[6] -> 5[5] via SHM/direct/direct
mk-xii-05:3499644:3499851 [2] NCCL INFO Channel 07 : 2[2] -> 1[1] via SHM/direct/direct
mk-xii-05:3499648:3499846 [6] NCCL INFO Channel 06 : 6[6] -> 5[5] via SHM/direct/direct
mk-xii-05:3499644:3499851 [2] NCCL INFO Channel 08 : 2[2] -> 1[1] via SHM/direct/direct
mk-xii-05:3499648:3499846 [6] NCCL INFO Channel 07 : 6[6] -> 5[5] via SHM/direct/direct
mk-xii-05:3499644:3499851 [2] NCCL INFO Channel 09 : 2[2] -> 1[1] via SHM/direct/direct
mk-xii-05:3499648:3499846 [6] NCCL INFO Channel 08 : 6[6] -> 5[5] via SHM/direct/direct
mk-xii-05:3499644:3499851 [2] NCCL INFO Channel 10 : 2[2] -> 1[1] via SHM/direct/direct
mk-xii-05:3499648:3499846 [6] NCCL INFO Channel 09 : 6[6] -> 5[5] via SHM/direct/direct
mk-xii-05:3499644:3499851 [2] NCCL INFO Channel 11 : 2[2] -> 1[1] via SHM/direct/direct
mk-xii-05:3499648:3499846 [6] NCCL INFO Channel 10 : 6[6] -> 5[5] via SHM/direct/direct
mk-xii-05:3499644:3499851 [2] NCCL INFO Channel 12 : 2[2] -> 1[1] via SHM/direct/direct
mk-xii-05:3499648:3499846 [6] NCCL INFO Channel 11 : 6[6] -> 5[5] via SHM/direct/direct
mk-xii-05:3499644:3499851 [2] NCCL INFO Channel 13 : 2[2] -> 1[1] via SHM/direct/direct
mk-xii-05:3499648:3499846 [6] NCCL INFO Channel 12 : 6[6] -> 5[5] via SHM/direct/direct
mk-xii-05:3499644:3499851 [2] NCCL INFO Channel 14 : 2[2] -> 1[1] via SHM/direct/direct
mk-xii-05:3499648:3499846 [6] NCCL INFO Channel 13 : 6[6] -> 5[5] via SHM/direct/direct
mk-xii-05:3499644:3499851 [2] NCCL INFO Channel 15 : 2[2] -> 1[1] via SHM/direct/direct
mk-xii-05:3499648:3499846 [6] NCCL INFO Channel 14 : 6[6] -> 5[5] via SHM/direct/direct
mk-xii-05:3499648:3499846 [6] NCCL INFO Channel 15 : 6[6] -> 5[5] via SHM/direct/direct
mk-xii-05:3499643:3499847 [1] NCCL INFO Channel 07 : 1[1] -> 0[0] via SHM/direct/direct
mk-xii-05:3499643:3499847 [1] NCCL INFO Channel 09 : 1[1] -> 0[0] via SHM/direct/direct
mk-xii-05:3499643:3499847 [1] NCCL INFO Channel 11 : 1[1] -> 0[0] via SHM/direct/direct
mk-xii-05:3499643:3499847 [1] NCCL INFO Channel 13 : 1[1] -> 0[0] via SHM/direct/direct
mk-xii-05:3499643:3499847 [1] NCCL INFO Channel 15 : 1[1] -> 0[0] via SHM/direct/direct
mk-xii-05:3499645:3499843 [3] NCCL INFO Connected all rings
mk-xii-05:3499648:3499846 [6] NCCL INFO Connected all rings
mk-xii-05:3499649:3499841 [7] NCCL INFO Connected all rings
mk-xii-05:3499646:3499849 [4] NCCL INFO Connected all rings
mk-xii-05:3499647:3499840 [5] NCCL INFO Connected all rings
mk-xii-05:3499642:3499837 [0] NCCL INFO Connected all rings
mk-xii-05:3499643:3499847 [1] NCCL INFO Connected all rings
mk-xii-05:3499644:3499851 [2] NCCL INFO Connected all rings
mk-xii-05:3499646:3499849 [4] NCCL INFO Channel 00 : 4[4] -> 5[5] via SHM/direct/direct
mk-xii-05:3499646:3499849 [4] NCCL INFO Channel 01 : 4[4] -> 5[5] via SHM/direct/direct
mk-xii-05:3499646:3499849 [4] NCCL INFO Channel 02 : 4[4] -> 5[5] via SHM/direct/direct
mk-xii-05:3499646:3499849 [4] NCCL INFO Channel 03 : 4[4] -> 5[5] via SHM/direct/direct
mk-xii-05:3499642:3499837 [0] NCCL INFO Channel 00 : 0[0] -> 1[1] via SHM/direct/direct
mk-xii-05:3499646:3499849 [4] NCCL INFO Channel 04 : 4[4] -> 5[5] via SHM/direct/direct
mk-xii-05:3499642:3499837 [0] NCCL INFO Channel 01 : 0[0] -> 1[1] via SHM/direct/direct
mk-xii-05:3499646:3499849 [4] NCCL INFO Channel 05 : 4[4] -> 5[5] via SHM/direct/direct
mk-xii-05:3499642:3499837 [0] NCCL INFO Channel 02 : 0[0] -> 1[1] via SHM/direct/direct
mk-xii-05:3499646:3499849 [4] NCCL INFO Channel 06 : 4[4] -> 5[5] via SHM/direct/direct
mk-xii-05:3499642:3499837 [0] NCCL INFO Channel 03 : 0[0] -> 1[1] via SHM/direct/direct
mk-xii-05:3499646:3499849 [4] NCCL INFO Channel 07 : 4[4] -> 5[5] via SHM/direct/direct
mk-xii-05:3499642:3499837 [0] NCCL INFO Channel 04 : 0[0] -> 1[1] via SHM/direct/direct
mk-xii-05:3499646:3499849 [4] NCCL INFO Channel 08 : 4[4] -> 5[5] via SHM/direct/direct
mk-xii-05:3499642:3499837 [0] NCCL INFO Channel 05 : 0[0] -> 1[1] via SHM/direct/direct
mk-xii-05:3499646:3499849 [4] NCCL INFO Channel 09 : 4[4] -> 5[5] via SHM/direct/direct
mk-xii-05:3499642:3499837 [0] NCCL INFO Channel 06 : 0[0] -> 1[1] via SHM/direct/direct
mk-xii-05:3499646:3499849 [4] NCCL INFO Channel 10 : 4[4] -> 5[5] via SHM/direct/direct
mk-xii-05:3499642:3499837 [0] NCCL INFO Channel 07 : 0[0] -> 1[1] via SHM/direct/direct
mk-xii-05:3499646:3499849 [4] NCCL INFO Channel 11 : 4[4] -> 5[5] via SHM/direct/direct
mk-xii-05:3499642:3499837 [0] NCCL INFO Channel 08 : 0[0] -> 1[1] via SHM/direct/direct
mk-xii-05:3499646:3499849 [4] NCCL INFO Channel 12 : 4[4] -> 5[5] via SHM/direct/direct
mk-xii-05:3499642:3499837 [0] NCCL INFO Channel 09 : 0[0] -> 1[1] via SHM/direct/direct
mk-xii-05:3499646:3499849 [4] NCCL INFO Channel 13 : 4[4] -> 5[5] via SHM/direct/direct
mk-xii-05:3499642:3499837 [0] NCCL INFO Channel 10 : 0[0] -> 1[1] via SHM/direct/direct
mk-xii-05:3499646:3499849 [4] NCCL INFO Channel 14 : 4[4] -> 5[5] via SHM/direct/direct
mk-xii-05:3499642:3499837 [0] NCCL INFO Channel 11 : 0[0] -> 1[1] via SHM/direct/direct
mk-xii-05:3499646:3499849 [4] NCCL INFO Channel 15 : 4[4] -> 5[5] via SHM/direct/direct
mk-xii-05:3499642:3499837 [0] NCCL INFO Channel 12 : 0[0] -> 1[1] via SHM/direct/direct
mk-xii-05:3499642:3499837 [0] NCCL INFO Channel 13 : 0[0] -> 1[1] via SHM/direct/direct
mk-xii-05:3499642:3499837 [0] NCCL INFO Channel 14 : 0[0] -> 1[1] via SHM/direct/direct
mk-xii-05:3499642:3499837 [0] NCCL INFO Channel 15 : 0[0] -> 1[1] via SHM/direct/direct
mk-xii-05:3499644:3499851 [2] NCCL INFO Channel 00 : 2[2] -> 3[3] via SHM/direct/direct
mk-xii-05:3499644:3499851 [2] NCCL INFO Channel 01 : 2[2] -> 3[3] via SHM/direct/direct
mk-xii-05:3499644:3499851 [2] NCCL INFO Channel 02 : 2[2] -> 3[3] via SHM/direct/direct
mk-xii-05:3499644:3499851 [2] NCCL INFO Channel 03 : 2[2] -> 3[3] via SHM/direct/direct
mk-xii-05:3499644:3499851 [2] NCCL INFO Channel 04 : 2[2] -> 3[3] via SHM/direct/direct
mk-xii-05:3499644:3499851 [2] NCCL INFO Channel 05 : 2[2] -> 3[3] via SHM/direct/direct
mk-xii-05:3499644:3499851 [2] NCCL INFO Channel 06 : 2[2] -> 3[3] via SHM/direct/direct
mk-xii-05:3499644:3499851 [2] NCCL INFO Channel 07 : 2[2] -> 3[3] via SHM/direct/direct
mk-xii-05:3499644:3499851 [2] NCCL INFO Channel 08 : 2[2] -> 3[3] via SHM/direct/direct
mk-xii-05:3499644:3499851 [2] NCCL INFO Channel 09 : 2[2] -> 3[3] via SHM/direct/direct
mk-xii-05:3499644:3499851 [2] NCCL INFO Channel 10 : 2[2] -> 3[3] via SHM/direct/direct
mk-xii-05:3499644:3499851 [2] NCCL INFO Channel 11 : 2[2] -> 3[3] via SHM/direct/direct
mk-xii-05:3499644:3499851 [2] NCCL INFO Channel 12 : 2[2] -> 3[3] via SHM/direct/direct
mk-xii-05:3499644:3499851 [2] NCCL INFO Channel 13 : 2[2] -> 3[3] via SHM/direct/direct
mk-xii-05:3499644:3499851 [2] NCCL INFO Channel 14 : 2[2] -> 3[3] via SHM/direct/direct
mk-xii-05:3499644:3499851 [2] NCCL INFO Channel 15 : 2[2] -> 3[3] via SHM/direct/direct
mk-xii-05:3499648:3499846 [6] NCCL INFO Channel 00 : 6[6] -> 7[7] via SHM/direct/direct
mk-xii-05:3499648:3499846 [6] NCCL INFO Channel 01 : 6[6] -> 7[7] via SHM/direct/direct
mk-xii-05:3499648:3499846 [6] NCCL INFO Channel 02 : 6[6] -> 7[7] via SHM/direct/direct
mk-xii-05:3499647:3499840 [5] NCCL INFO Channel 00 : 5[5] -> 6[6] via SHM/direct/direct
mk-xii-05:3499643:3499847 [1] NCCL INFO Channel 00 : 1[1] -> 2[2] via SHM/direct/direct
mk-xii-05:3499643:3499847 [1] NCCL INFO Channel 02 : 1[1] -> 2[2] via SHM/direct/direct
mk-xii-05:3499648:3499846 [6] NCCL INFO Channel 03 : 6[6] -> 7[7] via SHM/direct/direct
mk-xii-05:3499643:3499847 [1] NCCL INFO Channel 04 : 1[1] -> 2[2] via SHM/direct/direct
mk-xii-05:3499643:3499847 [1] NCCL INFO Channel 06 : 1[1] -> 2[2] via SHM/direct/direct
mk-xii-05:3499648:3499846 [6] NCCL INFO Channel 04 : 6[6] -> 7[7] via SHM/direct/direct
mk-xii-05:3499645:3499843 [3] NCCL INFO Channel 01 : 3[3] -> 0[0] via SHM/direct/direct
mk-xii-05:3499643:3499847 [1] NCCL INFO Channel 08 : 1[1] -> 2[2] via SHM/direct/direct
mk-xii-05:3499647:3499840 [5] NCCL INFO Channel 02 : 5[5] -> 6[6] via SHM/direct/direct
mk-xii-05:3499647:3499840 [5] NCCL INFO Channel 04 : 5[5] -> 6[6] via SHM/direct/direct
mk-xii-05:3499648:3499846 [6] NCCL INFO Channel 05 : 6[6] -> 7[7] via SHM/direct/direct
mk-xii-05:3499645:3499843 [3] NCCL INFO Channel 03 : 3[3] -> 0[0] via SHM/direct/direct
mk-xii-05:3499643:3499847 [1] NCCL INFO Channel 10 : 1[1] -> 2[2] via SHM/direct/direct
mk-xii-05:3499647:3499840 [5] NCCL INFO Channel 06 : 5[5] -> 6[6] via SHM/direct/direct
mk-xii-05:3499648:3499846 [6] NCCL INFO Channel 06 : 6[6] -> 7[7] via SHM/direct/direct
mk-xii-05:3499645:3499843 [3] NCCL INFO Channel 05 : 3[3] -> 0[0] via SHM/direct/direct
mk-xii-05:3499643:3499847 [1] NCCL INFO Channel 12 : 1[1] -> 2[2] via SHM/direct/direct
mk-xii-05:3499643:3499847 [1] NCCL INFO Channel 14 : 1[1] -> 2[2] via SHM/direct/direct
mk-xii-05:3499647:3499840 [5] NCCL INFO Channel 08 : 5[5] -> 6[6] via SHM/direct/direct
mk-xii-05:3499648:3499846 [6] NCCL INFO Channel 07 : 6[6] -> 7[7] via SHM/direct/direct
mk-xii-05:3499645:3499843 [3] NCCL INFO Channel 07 : 3[3] -> 0[0] via SHM/direct/direct
mk-xii-05:3499645:3499843 [3] NCCL INFO Channel 09 : 3[3] -> 0[0] via SHM/direct/direct
mk-xii-05:3499642:3499837 [0] NCCL INFO Channel 00/0 : 4[4] -> 0[0] [receive] via NET/IBext_v8/4/GDRDMA
mk-xii-05:3499643:3499847 [1] NCCL INFO Channel 00 : 1[1] -> 0[0] via SHM/direct/direct
mk-xii-05:3499643:3499847 [1] NCCL INFO Channel 02 : 1[1] -> 0[0] via SHM/direct/direct
mk-xii-05:3499642:3499837 [0] NCCL INFO Channel 02/0 : 4[4] -> 0[0] [receive] via NET/IBext_v8/4/GDRDMA
mk-xii-05:3499647:3499840 [5] NCCL INFO Channel 10 : 5[5] -> 6[6] via SHM/direct/direct
mk-xii-05:3499648:3499846 [6] NCCL INFO Channel 08 : 6[6] -> 7[7] via SHM/direct/direct
mk-xii-05:3499645:3499843 [3] NCCL INFO Channel 11 : 3[3] -> 0[0] via SHM/direct/direct
mk-xii-05:3499644:3499851 [2] NCCL INFO Channel 01/0 : 6[6] -> 2[2] [receive] via NET/IBext_v8/6/GDRDMA
mk-xii-05:3499643:3499847 [1] NCCL INFO Channel 04 : 1[1] -> 0[0] via SHM/direct/direct
mk-xii-05:3499647:3499840 [5] NCCL INFO Channel 12 : 5[5] -> 6[6] via SHM/direct/direct
mk-xii-05:3499647:3499840 [5] NCCL INFO Channel 14 : 5[5] -> 6[6] via SHM/direct/direct
mk-xii-05:3499648:3499846 [6] NCCL INFO Channel 09 : 6[6] -> 7[7] via SHM/direct/direct
mk-xii-05:3499642:3499837 [0] NCCL INFO Channel 04/0 : 4[4] -> 0[0] [receive] via NET/IBext_v8/4/GDRDMA
mk-xii-05:3499645:3499843 [3] NCCL INFO Channel 13 : 3[3] -> 0[0] via SHM/direct/direct
mk-xii-05:3499644:3499851 [2] NCCL INFO Channel 03/0 : 6[6] -> 2[2] [receive] via NET/IBext_v8/6/GDRDMA
mk-xii-05:3499643:3499847 [1] NCCL INFO Channel 06 : 1[1] -> 0[0] via SHM/direct/direct
mk-xii-05:3499642:3499837 [0] NCCL INFO Channel 06/0 : 4[4] -> 0[0] [receive] via NET/IBext_v8/4/GDRDMA
mk-xii-05:3499642:3499837 [0] NCCL INFO Channel 08/0 : 4[4] -> 0[0] [receive] via NET/IBext_v8/4/GDRDMA
mk-xii-05:3499644:3499851 [2] NCCL INFO Channel 05/0 : 6[6] -> 2[2] [receive] via NET/IBext_v8/6/GDRDMA
mk-xii-05:3499646:3499849 [4] NCCL INFO Channel 00/0 : 0[0] -> 4[4] [receive] via NET/IBext_v8/0/GDRDMA
mk-xii-05:3499648:3499846 [6] NCCL INFO Channel 10 : 6[6] -> 7[7] via SHM/direct/direct
mk-xii-05:3499645:3499843 [3] NCCL INFO Channel 15 : 3[3] -> 0[0] via SHM/direct/direct
mk-xii-05:3499644:3499851 [2] NCCL INFO Channel 07/0 : 6[6] -> 2[2] [receive] via NET/IBext_v8/6/GDRDMA
mk-xii-05:3499644:3499851 [2] NCCL INFO Channel 09/0 : 6[6] -> 2[2] [receive] via NET/IBext_v8/6/GDRDMA
mk-xii-05:3499646:3499849 [4] NCCL INFO Channel 02/0 : 0[0] -> 4[4] [receive] via NET/IBext_v8/0/GDRDMA
mk-xii-05:3499642:3499837 [0] NCCL INFO Channel 10/0 : 4[4] -> 0[0] [receive] via NET/IBext_v8/4/GDRDMA
mk-xii-05:3499648:3499846 [6] NCCL INFO Channel 11 : 6[6] -> 7[7] via SHM/direct/direct
mk-xii-05:3499644:3499851 [2] NCCL INFO Channel 11/0 : 6[6] -> 2[2] [receive] via NET/IBext_v8/6/GDRDMA
mk-xii-05:3499646:3499849 [4] NCCL INFO Channel 04/0 : 0[0] -> 4[4] [receive] via NET/IBext_v8/0/GDRDMA
mk-xii-05:3499642:3499837 [0] NCCL INFO Channel 12/0 : 4[4] -> 0[0] [receive] via NET/IBext_v8/4/GDRDMA
mk-xii-05:3499642:3499837 [0] NCCL INFO Channel 14/0 : 4[4] -> 0[0] [receive] via NET/IBext_v8/4/GDRDMA
mk-xii-05:3499644:3499851 [2] NCCL INFO Channel 13/0 : 6[6] -> 2[2] [receive] via NET/IBext_v8/6/GDRDMA
mk-xii-05:3499642:3499837 [0] NCCL INFO Channel 00/0 : 0[0] -> 4[4] [send] via NET/IBext_v8/4/GDRDMA
mk-xii-05:3499644:3499851 [2] NCCL INFO Channel 15/0 : 6[6] -> 2[2] [receive] via NET/IBext_v8/6/GDRDMA
mk-xii-05:3499644:3499851 [2] NCCL INFO Channel 01/0 : 2[2] -> 6[6] [send] via NET/IBext_v8/6/GDRDMA
mk-xii-05:3499642:3499837 [0] NCCL INFO Channel 02/0 : 0[0] -> 4[4] [send] via NET/IBext_v8/4/GDRDMA
mk-xii-05:3499648:3499846 [6] NCCL INFO Channel 12 : 6[6] -> 7[7] via SHM/direct/direct
mk-xii-05:3499643:3499847 [1] NCCL INFO Channel 08 : 1[1] -> 0[0] via SHM/direct/direct
mk-xii-05:3499646:3499849 [4] NCCL INFO Channel 06/0 : 0[0] -> 4[4] [receive] via NET/IBext_v8/0/GDRDMA
mk-xii-05:3499644:3499851 [2] NCCL INFO Channel 03/0 : 2[2] -> 6[6] [send] via NET/IBext_v8/6/GDRDMA
mk-xii-05:3499644:3499851 [2] NCCL INFO Channel 05/0 : 2[2] -> 6[6] [send] via NET/IBext_v8/6/GDRDMA
mk-xii-05:3499642:3499837 [0] NCCL INFO Channel 04/0 : 0[0] -> 4[4] [send] via NET/IBext_v8/4/GDRDMA
mk-xii-05:3499648:3499846 [6] NCCL INFO Channel 13 : 6[6] -> 7[7] via SHM/direct/direct
mk-xii-05:3499648:3499846 [6] NCCL INFO Channel 14 : 6[6] -> 7[7] via SHM/direct/direct
mk-xii-05:3499646:3499849 [4] NCCL INFO Channel 08/0 : 0[0] -> 4[4] [receive] via NET/IBext_v8/0/GDRDMA
mk-xii-05:3499643:3499847 [1] NCCL INFO Channel 10 : 1[1] -> 0[0] via SHM/direct/direct
mk-xii-05:3499644:3499851 [2] NCCL INFO Channel 07/0 : 2[2] -> 6[6] [send] via NET/IBext_v8/6/GDRDMA
mk-xii-05:3499642:3499837 [0] NCCL INFO Channel 06/0 : 0[0] -> 4[4] [send] via NET/IBext_v8/4/GDRDMA
mk-xii-05:3499648:3499846 [6] NCCL INFO Channel 15 : 6[6] -> 7[7] via SHM/direct/direct
mk-xii-05:3499646:3499849 [4] NCCL INFO Channel 10/0 : 0[0] -> 4[4] [receive] via NET/IBext_v8/0/GDRDMA
mk-xii-05:3499643:3499847 [1] NCCL INFO Channel 12 : 1[1] -> 0[0] via SHM/direct/direct
mk-xii-05:3499649:3499841 [7] NCCL INFO Channel 01 : 7[7] -> 4[4] via SHM/direct/direct
mk-xii-05:3499642:3499837 [0] NCCL INFO Channel 08/0 : 0[0] -> 4[4] [send] via NET/IBext_v8/4/GDRDMA
mk-xii-05:3499642:3499837 [0] NCCL INFO Channel 10/0 : 0[0] -> 4[4] [send] via NET/IBext_v8/4/GDRDMA
mk-xii-05:3499644:3499851 [2] NCCL INFO Channel 09/0 : 2[2] -> 6[6] [send] via NET/IBext_v8/6/GDRDMA
mk-xii-05:3499648:3499846 [6] NCCL INFO Channel 01/0 : 2[2] -> 6[6] [receive] via NET/IBext_v8/2/GDRDMA
mk-xii-05:3499646:3499849 [4] NCCL INFO Channel 12/0 : 0[0] -> 4[4] [receive] via NET/IBext_v8/0/GDRDMA
mk-xii-05:3499644:3499851 [2] NCCL INFO Channel 11/0 : 2[2] -> 6[6] [send] via NET/IBext_v8/6/GDRDMA
mk-xii-05:3499647:3499840 [5] NCCL INFO Channel 00 : 5[5] -> 4[4] via SHM/direct/direct
mk-xii-05:3499643:3499847 [1] NCCL INFO Channel 14 : 1[1] -> 0[0] via SHM/direct/direct
mk-xii-05:3499649:3499841 [7] NCCL INFO Channel 03 : 7[7] -> 4[4] via SHM/direct/direct
mk-xii-05:3499642:3499837 [0] NCCL INFO Channel 12/0 : 0[0] -> 4[4] [send] via NET/IBext_v8/4/GDRDMA
mk-xii-05:3499649:3499841 [7] NCCL INFO Channel 05 : 7[7] -> 4[4] via SHM/direct/direct
mk-xii-05:3499648:3499846 [6] NCCL INFO Channel 03/0 : 2[2] -> 6[6] [receive] via NET/IBext_v8/2/GDRDMA
mk-xii-05:3499646:3499849 [4] NCCL INFO Channel 14/0 : 0[0] -> 4[4] [receive] via NET/IBext_v8/0/GDRDMA
mk-xii-05:3499647:3499840 [5] NCCL INFO Channel 02 : 5[5] -> 4[4] via SHM/direct/direct
mk-xii-05:3499644:3499851 [2] NCCL INFO Channel 13/0 : 2[2] -> 6[6] [send] via NET/IBext_v8/6/GDRDMA
mk-xii-05:3499644:3499851 [2] NCCL INFO Channel 15/0 : 2[2] -> 6[6] [send] via NET/IBext_v8/6/GDRDMA
mk-xii-05:3499642:3499837 [0] NCCL INFO Channel 14/0 : 0[0] -> 4[4] [send] via NET/IBext_v8/4/GDRDMA
mk-xii-05:3499649:3499841 [7] NCCL INFO Channel 07 : 7[7] -> 4[4] via SHM/direct/direct
mk-xii-05:3499648:3499846 [6] NCCL INFO Channel 05/0 : 2[2] -> 6[6] [receive] via NET/IBext_v8/2/GDRDMA
mk-xii-05:3499646:3499849 [4] NCCL INFO Channel 00/0 : 4[4] -> 0[0] [send] via NET/IBext_v8/0/GDRDMA
mk-xii-05:3499647:3499840 [5] NCCL INFO Channel 04 : 5[5] -> 4[4] via SHM/direct/direct
mk-xii-05:3499649:3499841 [7] NCCL INFO Channel 09 : 7[7] -> 4[4] via SHM/direct/direct
mk-xii-05:3499647:3499840 [5] NCCL INFO Channel 06 : 5[5] -> 4[4] via SHM/direct/direct
mk-xii-05:3499646:3499849 [4] NCCL INFO Channel 02/0 : 4[4] -> 0[0] [send] via NET/IBext_v8/0/GDRDMA
mk-xii-05:3499646:3499849 [4] NCCL INFO Channel 04/0 : 4[4] -> 0[0] [send] via NET/IBext_v8/0/GDRDMA
mk-xii-05:3499648:3499846 [6] NCCL INFO Channel 07/0 : 2[2] -> 6[6] [receive] via NET/IBext_v8/2/GDRDMA
mk-xii-05:3499648:3499846 [6] NCCL INFO Channel 09/0 : 2[2] -> 6[6] [receive] via NET/IBext_v8/2/GDRDMA
mk-xii-05:3499649:3499841 [7] NCCL INFO Channel 11 : 7[7] -> 4[4] via SHM/direct/direct
mk-xii-05:3499647:3499840 [5] NCCL INFO Channel 08 : 5[5] -> 4[4] via SHM/direct/direct
mk-xii-05:3499646:3499849 [4] NCCL INFO Channel 06/0 : 4[4] -> 0[0] [send] via NET/IBext_v8/0/GDRDMA
mk-xii-05:3499646:3499849 [4] NCCL INFO Channel 08/0 : 4[4] -> 0[0] [send] via NET/IBext_v8/0/GDRDMA
mk-xii-05:3499648:3499846 [6] NCCL INFO Channel 11/0 : 2[2] -> 6[6] [receive] via NET/IBext_v8/2/GDRDMA
mk-xii-05:3499648:3499846 [6] NCCL INFO Channel 13/0 : 2[2] -> 6[6] [receive] via NET/IBext_v8/2/GDRDMA
mk-xii-05:3499649:3499841 [7] NCCL INFO Channel 13 : 7[7] -> 4[4] via SHM/direct/direct
mk-xii-05:3499647:3499840 [5] NCCL INFO Channel 10 : 5[5] -> 4[4] via SHM/direct/direct
mk-xii-05:3499649:3499841 [7] NCCL INFO Channel 15 : 7[7] -> 4[4] via SHM/direct/direct
mk-xii-05:3499646:3499849 [4] NCCL INFO Channel 10/0 : 4[4] -> 0[0] [send] via NET/IBext_v8/0/GDRDMA
mk-xii-05:3499646:3499849 [4] NCCL INFO Channel 12/0 : 4[4] -> 0[0] [send] via NET/IBext_v8/0/GDRDMA
mk-xii-05:3499648:3499846 [6] NCCL INFO Channel 15/0 : 2[2] -> 6[6] [receive] via NET/IBext_v8/2/GDRDMA
mk-xii-05:3499648:3499846 [6] NCCL INFO Channel 01/0 : 6[6] -> 2[2] [send] via NET/IBext_v8/2/GDRDMA
mk-xii-05:3499647:3499840 [5] NCCL INFO Channel 12 : 5[5] -> 4[4] via SHM/direct/direct
mk-xii-05:3499646:3499849 [4] NCCL INFO Channel 14/0 : 4[4] -> 0[0] [send] via NET/IBext_v8/0/GDRDMA
mk-xii-05:3499648:3499846 [6] NCCL INFO Channel 03/0 : 6[6] -> 2[2] [send] via NET/IBext_v8/2/GDRDMA
mk-xii-05:3499648:3499846 [6] NCCL INFO Channel 05/0 : 6[6] -> 2[2] [send] via NET/IBext_v8/2/GDRDMA
mk-xii-05:3499647:3499840 [5] NCCL INFO Channel 14 : 5[5] -> 4[4] via SHM/direct/direct
mk-xii-05:3499648:3499846 [6] NCCL INFO Channel 07/0 : 6[6] -> 2[2] [send] via NET/IBext_v8/2/GDRDMA
mk-xii-05:3499648:3499846 [6] NCCL INFO Channel 09/0 : 6[6] -> 2[2] [send] via NET/IBext_v8/2/GDRDMA
mk-xii-05:3499648:3499846 [6] NCCL INFO Channel 11/0 : 6[6] -> 2[2] [send] via NET/IBext_v8/2/GDRDMA
mk-xii-05:3499648:3499846 [6] NCCL INFO Channel 13/0 : 6[6] -> 2[2] [send] via NET/IBext_v8/2/GDRDMA
mk-xii-05:3499648:3499846 [6] NCCL INFO Channel 15/0 : 6[6] -> 2[2] [send] via NET/IBext_v8/2/GDRDMA
mk-xii-05:3499645:3499843 [3] NCCL INFO Channel 01 : 3[3] -> 2[2] via SHM/direct/direct
mk-xii-05:3499645:3499843 [3] NCCL INFO Channel 03 : 3[3] -> 2[2] via SHM/direct/direct
mk-xii-05:3499645:3499843 [3] NCCL INFO Channel 05 : 3[3] -> 2[2] via SHM/direct/direct
mk-xii-05:3499645:3499843 [3] NCCL INFO Channel 07 : 3[3] -> 2[2] via SHM/direct/direct
mk-xii-05:3499645:3499843 [3] NCCL INFO Channel 09 : 3[3] -> 2[2] via SHM/direct/direct
mk-xii-05:3499645:3499843 [3] NCCL INFO Channel 11 : 3[3] -> 2[2] via SHM/direct/direct
mk-xii-05:3499645:3499843 [3] NCCL INFO Channel 13 : 3[3] -> 2[2] via SHM/direct/direct
