W0928 16:54:43.319000 23421035292480 torch/distributed/run.py:779] 
W0928 16:54:43.319000 23421035292480 torch/distributed/run.py:779] *****************************************
W0928 16:54:43.319000 23421035292480 torch/distributed/run.py:779] Setting OMP_NUM_THREADS environment variable for each process to be 1 in default, to avoid your system being overloaded, please further tune the variable for optimal performance in your application as needed. 
W0928 16:54:43.319000 23421035292480 torch/distributed/run.py:779] *****************************************
flash_kv_decode is set to True
Using device=cuda
Loading model ...
GPTParallel(
  (tok_embeddings): Embedding(128256, 4096)
  (layers): ModuleList(
    (0-31): 32 x ParallelTransformerBlock(
      semi_compiled = False
      (attention): FuseAttentionMLP(
        (wqkv1): Linear(in_features=4096, out_features=8704, bias=False)
        (wo): Linear(in_features=1024, out_features=4096, bias=False)
        (w2): Linear(in_features=3584, out_features=4096, bias=False)
      )
      (feed_forward): FeedForward(
        (w1): Linear(in_features=4096, out_features=7168, bias=False)
        (w2): Linear(in_features=3584, out_features=4096, bias=False)
      )
      (attention_norm): RMSNorm()
    )
  )
  (norm): RMSNorm()
  (output): Linear(in_features=4096, out_features=128256, bias=False)
)
Time to load model: 0.88 seconds
mk-xii-14:2940309:2940309 [0] NCCL INFO Bootstrap : Using enp50s0:172.27.47.48<0>
mk-xii-14:2940309:2940309 [0] NCCL INFO cudaDriverVersion 12020
NCCL version 2.20.5+cuda12.4
mk-xii-14:2940311:2940311 [2] NCCL INFO cudaDriverVersion 12020
mk-xii-14:2940310:2940310 [1] NCCL INFO cudaDriverVersion 12020
mk-xii-14:2940311:2940311 [2] NCCL INFO Bootstrap : Using enp50s0:172.27.47.48<0>
mk-xii-14:2940310:2940310 [1] NCCL INFO Bootstrap : Using enp50s0:172.27.47.48<0>
mk-xii-14:2940312:2940312 [3] NCCL INFO cudaDriverVersion 12020
mk-xii-14:2940312:2940312 [3] NCCL INFO Bootstrap : Using enp50s0:172.27.47.48<0>
mk-xii-14:2940309:2940384 [0] NCCL INFO Plugin Path : /opt/hpcx/nccl_rdma_sharp_plugin/lib/libnccl-net.so
mk-xii-14:2940309:2940384 [0] NCCL INFO P2P plugin IBext_v8
mk-xii-14:2940310:2940388 [1] NCCL INFO Plugin Path : /opt/hpcx/nccl_rdma_sharp_plugin/lib/libnccl-net.so
mk-xii-14:2940310:2940388 [1] NCCL INFO P2P plugin IBext_v8
mk-xii-14:2940309:2940384 [0] NCCL INFO NCCL_IB_MERGE_VFS set by environment to 0.
mk-xii-14:2940312:2940390 [3] NCCL INFO Plugin Path : /opt/hpcx/nccl_rdma_sharp_plugin/lib/libnccl-net.so
mk-xii-14:2940312:2940390 [3] NCCL INFO P2P plugin IBext_v8
mk-xii-14:2940310:2940388 [1] NCCL INFO NCCL_IB_MERGE_VFS set by environment to 0.
mk-xii-14:2940312:2940390 [3] NCCL INFO NCCL_IB_MERGE_VFS set by environment to 0.
mk-xii-14:2940311:2940387 [2] NCCL INFO Plugin Path : /opt/hpcx/nccl_rdma_sharp_plugin/lib/libnccl-net.so
mk-xii-14:2940311:2940387 [2] NCCL INFO P2P plugin IBext_v8
mk-xii-14:2940311:2940387 [2] NCCL INFO NCCL_IB_MERGE_VFS set by environment to 0.
mk-xii-14:2940309:2940384 [0] NCCL INFO NET/IB : Using [0]mlx5_0:1/IB/SHARP [1]mlx5_1:1/IB/SHARP [2]mlx5_2:1/IB/SHARP [3]mlx5_3:1/IB/SHARP [4]mlx5_5:1/IB/SHARP [5]mlx5_6:1/IB/SHARP [6]mlx5_7:1/IB/SHARP [7]mlx5_8:1/IB/SHARP [8]mlx5_4:1/RoCE [RO]; OOB enp50s0:172.27.47.48<0>
mk-xii-14:2940309:2940384 [0] NCCL INFO Using non-device net plugin version 0
mk-xii-14:2940309:2940384 [0] NCCL INFO Using network IBext_v8
mk-xii-14:2940312:2940390 [3] NCCL INFO NET/IB : Using [0]mlx5_0:1/IB/SHARP [1]mlx5_1:1/IB/SHARP [2]mlx5_2:1/IB/SHARP [3]mlx5_3:1/IB/SHARP [4]mlx5_5:1/IB/SHARP [5]mlx5_6:1/IB/SHARP [6]mlx5_7:1/IB/SHARP [7]mlx5_8:1/IB/SHARP [8]mlx5_4:1/RoCE [RO]; OOB enp50s0:172.27.47.48<0>
mk-xii-14:2940312:2940390 [3] NCCL INFO Using non-device net plugin version 0
mk-xii-14:2940312:2940390 [3] NCCL INFO Using network IBext_v8
mk-xii-14:2940310:2940388 [1] NCCL INFO NET/IB : Using [0]mlx5_0:1/IB/SHARP [1]mlx5_1:1/IB/SHARP [2]mlx5_2:1/IB/SHARP [3]mlx5_3:1/IB/SHARP [4]mlx5_5:1/IB/SHARP [5]mlx5_6:1/IB/SHARP [6]mlx5_7:1/IB/SHARP [7]mlx5_8:1/IB/SHARP [8]mlx5_4:1/RoCE [RO]; OOB enp50s0:172.27.47.48<0>
mk-xii-14:2940310:2940388 [1] NCCL INFO Using non-device net plugin version 0
mk-xii-14:2940310:2940388 [1] NCCL INFO Using network IBext_v8
mk-xii-14:2940311:2940387 [2] NCCL INFO NET/IB : Using [0]mlx5_0:1/IB/SHARP [1]mlx5_1:1/IB/SHARP [2]mlx5_2:1/IB/SHARP [3]mlx5_3:1/IB/SHARP [4]mlx5_5:1/IB/SHARP [5]mlx5_6:1/IB/SHARP [6]mlx5_7:1/IB/SHARP [7]mlx5_8:1/IB/SHARP [8]mlx5_4:1/RoCE [RO]; OOB enp50s0:172.27.47.48<0>
mk-xii-14:2940311:2940387 [2] NCCL INFO Using non-device net plugin version 0
mk-xii-14:2940311:2940387 [2] NCCL INFO Using network IBext_v8
mk-xii-14:2940309:2940384 [0] NCCL INFO comm 0x19647370 rank 0 nranks 4 cudaDev 0 nvmlDev 0 busId 11000 commId 0x124fadbf17212626 - Init START
mk-xii-14:2940311:2940387 [2] NCCL INFO comm 0x1a21b3f0 rank 2 nranks 4 cudaDev 2 nvmlDev 2 busId 13000 commId 0x124fadbf17212626 - Init START
mk-xii-14:2940312:2940390 [3] NCCL INFO comm 0x1a34e4c0 rank 3 nranks 4 cudaDev 3 nvmlDev 3 busId 14000 commId 0x124fadbf17212626 - Init START
mk-xii-14:2940310:2940388 [1] NCCL INFO comm 0x197c69b0 rank 1 nranks 4 cudaDev 1 nvmlDev 1 busId 12000 commId 0x124fadbf17212626 - Init START
mk-xii-14:2940309:2940384 [0] NCCL INFO NCCL_TOPO_FILE set by environment to /etc/crusoe/nccl_topo/h100-80gb-sxm-ib-qemu.xml
mk-xii-14:2940311:2940387 [2] NCCL INFO NCCL_TOPO_FILE set by environment to /etc/crusoe/nccl_topo/h100-80gb-sxm-ib-qemu.xml
mk-xii-14:2940310:2940388 [1] NCCL INFO NCCL_TOPO_FILE set by environment to /etc/crusoe/nccl_topo/h100-80gb-sxm-ib-qemu.xml
mk-xii-14:2940312:2940390 [3] NCCL INFO NCCL_TOPO_FILE set by environment to /etc/crusoe/nccl_topo/h100-80gb-sxm-ib-qemu.xml
mk-xii-14:2940311:2940387 [2] NCCL INFO Setting affinity for GPU 2 to ffffff,ffffffff,ffffffff
mk-xii-14:2940311:2940387 [2] NCCL INFO NVLS multicast support is available on dev 2
mk-xii-14:2940309:2940384 [0] NCCL INFO Setting affinity for GPU 0 to ffffff,ffffffff,ffffffff
mk-xii-14:2940309:2940384 [0] NCCL INFO NVLS multicast support is available on dev 0
mk-xii-14:2940312:2940390 [3] NCCL INFO Setting affinity for GPU 3 to ffffff,ffffffff,ffffffff
mk-xii-14:2940312:2940390 [3] NCCL INFO NVLS multicast support is available on dev 3
mk-xii-14:2940310:2940388 [1] NCCL INFO Setting affinity for GPU 1 to ffffff,ffffffff,ffffffff
mk-xii-14:2940310:2940388 [1] NCCL INFO NVLS multicast support is available on dev 1
mk-xii-14:2940310:2940388 [1] NCCL INFO comm 0x197c69b0 rank 1 nRanks 4 nNodes 1 localRanks 4 localRank 1 MNNVL 0
mk-xii-14:2940310:2940388 [1] NCCL INFO Trees [0] 2/-1/-1->1->0 [1] 2/-1/-1->1->0 [2] 2/-1/-1->1->0 [3] 2/-1/-1->1->0 [4] 2/-1/-1->1->0 [5] 2/-1/-1->1->0 [6] 2/-1/-1->1->0 [7] 2/-1/-1->1->0 [8] 2/-1/-1->1->0 [9] 2/-1/-1->1->0 [10] 2/-1/-1->1->0 [11] 2/-1/-1->1->0 [12] 2/-1/-1->1->0 [13] 2/-1/-1->1->0 [14] 2/-1/-1->1->0 [15] 2/-1/-1->1->0 [16] 2/-1/-1->1->0 [17] 2/-1/-1->1->0 [18] 2/-1/-1->1->0 [19] 2/-1/-1->1->0 [20] 2/-1/-1->1->0 [21] 2/-1/-1->1->0 [22] 2/-1/-1->1->0 [23] 2/-1/-1->1->0
mk-xii-14:2940310:2940388 [1] NCCL INFO P2P Chunksize set to 524288
mk-xii-14:2940312:2940390 [3] NCCL INFO comm 0x1a34e4c0 rank 3 nRanks 4 nNodes 1 localRanks 4 localRank 3 MNNVL 0
mk-xii-14:2940309:2940384 [0] NCCL INFO comm 0x19647370 rank 0 nRanks 4 nNodes 1 localRanks 4 localRank 0 MNNVL 0
mk-xii-14:2940311:2940387 [2] NCCL INFO comm 0x1a21b3f0 rank 2 nRanks 4 nNodes 1 localRanks 4 localRank 2 MNNVL 0
mk-xii-14:2940309:2940384 [0] NCCL INFO Channel 00/24 :    0   1   2   3
mk-xii-14:2940309:2940384 [0] NCCL INFO Channel 01/24 :    0   1   2   3
mk-xii-14:2940309:2940384 [0] NCCL INFO Channel 02/24 :    0   1   2   3
mk-xii-14:2940309:2940384 [0] NCCL INFO Channel 03/24 :    0   1   2   3
mk-xii-14:2940309:2940384 [0] NCCL INFO Channel 04/24 :    0   1   2   3
mk-xii-14:2940309:2940384 [0] NCCL INFO Channel 05/24 :    0   1   2   3
mk-xii-14:2940309:2940384 [0] NCCL INFO Channel 06/24 :    0   1   2   3
mk-xii-14:2940309:2940384 [0] NCCL INFO Channel 07/24 :    0   1   2   3
mk-xii-14:2940309:2940384 [0] NCCL INFO Channel 08/24 :    0   1   2   3
mk-xii-14:2940309:2940384 [0] NCCL INFO Channel 09/24 :    0   1   2   3
mk-xii-14:2940309:2940384 [0] NCCL INFO Channel 10/24 :    0   1   2   3
mk-xii-14:2940309:2940384 [0] NCCL INFO Channel 11/24 :    0   1   2   3
mk-xii-14:2940309:2940384 [0] NCCL INFO Channel 12/24 :    0   1   2   3
mk-xii-14:2940309:2940384 [0] NCCL INFO Channel 13/24 :    0   1   2   3
mk-xii-14:2940312:2940390 [3] NCCL INFO Trees [0] -1/-1/-1->3->2 [1] -1/-1/-1->3->2 [2] -1/-1/-1->3->2 [3] -1/-1/-1->3->2 [4] -1/-1/-1->3->2 [5] -1/-1/-1->3->2 [6] -1/-1/-1->3->2 [7] -1/-1/-1->3->2 [8] -1/-1/-1->3->2 [9] -1/-1/-1->3->2 [10] -1/-1/-1->3->2 [11] -1/-1/-1->3->2 [12] -1/-1/-1->3->2 [13] -1/-1/-1->3->2 [14] -1/-1/-1->3->2 [15] -1/-1/-1->3->2 [16] -1/-1/-1->3->2 [17] -1/-1/-1->3->2 [18] -1/-1/-1->3->2 [19] -1/-1/-1->3->2 [20] -1/-1/-1->3->2 [21] -1/-1/-1->3->2 [22] -1/-1/-1->3->2 [23] -1/-1/-1->3->2
mk-xii-14:2940309:2940384 [0] NCCL INFO Channel 14/24 :    0   1   2   3
mk-xii-14:2940309:2940384 [0] NCCL INFO Channel 15/24 :    0   1   2   3
mk-xii-14:2940312:2940390 [3] NCCL INFO P2P Chunksize set to 524288
mk-xii-14:2940309:2940384 [0] NCCL INFO Channel 16/24 :    0   1   2   3
mk-xii-14:2940309:2940384 [0] NCCL INFO Channel 17/24 :    0   1   2   3
mk-xii-14:2940309:2940384 [0] NCCL INFO Channel 18/24 :    0   1   2   3
mk-xii-14:2940309:2940384 [0] NCCL INFO Channel 19/24 :    0   1   2   3
mk-xii-14:2940309:2940384 [0] NCCL INFO Channel 20/24 :    0   1   2   3
mk-xii-14:2940309:2940384 [0] NCCL INFO Channel 21/24 :    0   1   2   3
mk-xii-14:2940309:2940384 [0] NCCL INFO Channel 22/24 :    0   1   2   3
mk-xii-14:2940309:2940384 [0] NCCL INFO Channel 23/24 :    0   1   2   3
mk-xii-14:2940311:2940387 [2] NCCL INFO Trees [0] 3/-1/-1->2->1 [1] 3/-1/-1->2->1 [2] 3/-1/-1->2->1 [3] 3/-1/-1->2->1 [4] 3/-1/-1->2->1 [5] 3/-1/-1->2->1 [6] 3/-1/-1->2->1 [7] 3/-1/-1->2->1 [8] 3/-1/-1->2->1 [9] 3/-1/-1->2->1 [10] 3/-1/-1->2->1 [11] 3/-1/-1->2->1 [12] 3/-1/-1->2->1 [13] 3/-1/-1->2->1 [14] 3/-1/-1->2->1 [15] 3/-1/-1->2->1 [16] 3/-1/-1->2->1 [17] 3/-1/-1->2->1 [18] 3/-1/-1->2->1 [19] 3/-1/-1->2->1 [20] 3/-1/-1->2->1 [21] 3/-1/-1->2->1 [22] 3/-1/-1->2->1 [23] 3/-1/-1->2->1
mk-xii-14:2940311:2940387 [2] NCCL INFO P2P Chunksize set to 524288
mk-xii-14:2940309:2940384 [0] NCCL INFO Trees [0] 1/-1/-1->0->-1 [1] 1/-1/-1->0->-1 [2] 1/-1/-1->0->-1 [3] 1/-1/-1->0->-1 [4] 1/-1/-1->0->-1 [5] 1/-1/-1->0->-1 [6] 1/-1/-1->0->-1 [7] 1/-1/-1->0->-1 [8] 1/-1/-1->0->-1 [9] 1/-1/-1->0->-1 [10] 1/-1/-1->0->-1 [11] 1/-1/-1->0->-1 [12] 1/-1/-1->0->-1 [13] 1/-1/-1->0->-1 [14] 1/-1/-1->0->-1 [15] 1/-1/-1->0->-1 [16] 1/-1/-1->0->-1 [17] 1/-1/-1->0->-1 [18] 1/-1/-1->0->-1 [19] 1/-1/-1->0->-1 [20] 1/-1/-1->0->-1 [21] 1/-1/-1->0->-1 [22] 1/-1/-1->0->-1 [23] 1/-1/-1->0->-1
mk-xii-14:2940309:2940384 [0] NCCL INFO P2P Chunksize set to 524288
mk-xii-14:2940309:2940384 [0] NCCL INFO Channel 00/0 : 0[0] -> 1[1] via P2P/CUMEM
mk-xii-14:2940309:2940384 [0] NCCL INFO Channel 01/0 : 0[0] -> 1[1] via P2P/CUMEM
mk-xii-14:2940309:2940384 [0] NCCL INFO Channel 02/0 : 0[0] -> 1[1] via P2P/CUMEM
mk-xii-14:2940309:2940384 [0] NCCL INFO Channel 03/0 : 0[0] -> 1[1] via P2P/CUMEM
mk-xii-14:2940312:2940390 [3] NCCL INFO Channel 00/0 : 3[3] -> 0[0] via P2P/CUMEM
mk-xii-14:2940309:2940384 [0] NCCL INFO Channel 04/0 : 0[0] -> 1[1] via P2P/CUMEM
mk-xii-14:2940312:2940390 [3] NCCL INFO Channel 01/0 : 3[3] -> 0[0] via P2P/CUMEM
mk-xii-14:2940309:2940384 [0] NCCL INFO Channel 05/0 : 0[0] -> 1[1] via P2P/CUMEM
mk-xii-14:2940312:2940390 [3] NCCL INFO Channel 02/0 : 3[3] -> 0[0] via P2P/CUMEM
mk-xii-14:2940309:2940384 [0] NCCL INFO Channel 06/0 : 0[0] -> 1[1] via P2P/CUMEM
mk-xii-14:2940312:2940390 [3] NCCL INFO Channel 03/0 : 3[3] -> 0[0] via P2P/CUMEM
mk-xii-14:2940309:2940384 [0] NCCL INFO Channel 07/0 : 0[0] -> 1[1] via P2P/CUMEM
mk-xii-14:2940312:2940390 [3] NCCL INFO Channel 04/0 : 3[3] -> 0[0] via P2P/CUMEM
mk-xii-14:2940309:2940384 [0] NCCL INFO Channel 08/0 : 0[0] -> 1[1] via P2P/CUMEM
mk-xii-14:2940312:2940390 [3] NCCL INFO Channel 05/0 : 3[3] -> 0[0] via P2P/CUMEM
mk-xii-14:2940309:2940384 [0] NCCL INFO Channel 09/0 : 0[0] -> 1[1] via P2P/CUMEM
mk-xii-14:2940312:2940390 [3] NCCL INFO Channel 06/0 : 3[3] -> 0[0] via P2P/CUMEM
mk-xii-14:2940309:2940384 [0] NCCL INFO Channel 10/0 : 0[0] -> 1[1] via P2P/CUMEM
mk-xii-14:2940312:2940390 [3] NCCL INFO Channel 07/0 : 3[3] -> 0[0] via P2P/CUMEM
mk-xii-14:2940309:2940384 [0] NCCL INFO Channel 11/0 : 0[0] -> 1[1] via P2P/CUMEM
mk-xii-14:2940312:2940390 [3] NCCL INFO Channel 08/0 : 3[3] -> 0[0] via P2P/CUMEM
mk-xii-14:2940309:2940384 [0] NCCL INFO Channel 12/0 : 0[0] -> 1[1] via P2P/CUMEM
mk-xii-14:2940312:2940390 [3] NCCL INFO Channel 09/0 : 3[3] -> 0[0] via P2P/CUMEM
mk-xii-14:2940309:2940384 [0] NCCL INFO Channel 13/0 : 0[0] -> 1[1] via P2P/CUMEM
mk-xii-14:2940312:2940390 [3] NCCL INFO Channel 10/0 : 3[3] -> 0[0] via P2P/CUMEM
mk-xii-14:2940309:2940384 [0] NCCL INFO Channel 14/0 : 0[0] -> 1[1] via P2P/CUMEM
mk-xii-14:2940312:2940390 [3] NCCL INFO Channel 11/0 : 3[3] -> 0[0] via P2P/CUMEM
mk-xii-14:2940311:2940387 [2] NCCL INFO Channel 00/0 : 2[2] -> 3[3] via P2P/CUMEM
mk-xii-14:2940309:2940384 [0] NCCL INFO Channel 15/0 : 0[0] -> 1[1] via P2P/CUMEM
mk-xii-14:2940312:2940390 [3] NCCL INFO Channel 12/0 : 3[3] -> 0[0] via P2P/CUMEM
mk-xii-14:2940311:2940387 [2] NCCL INFO Channel 01/0 : 2[2] -> 3[3] via P2P/CUMEM
mk-xii-14:2940309:2940384 [0] NCCL INFO Channel 16/0 : 0[0] -> 1[1] via P2P/CUMEM
mk-xii-14:2940312:2940390 [3] NCCL INFO Channel 13/0 : 3[3] -> 0[0] via P2P/CUMEM
mk-xii-14:2940309:2940384 [0] NCCL INFO Channel 17/0 : 0[0] -> 1[1] via P2P/CUMEM
mk-xii-14:2940311:2940387 [2] NCCL INFO Channel 02/0 : 2[2] -> 3[3] via P2P/CUMEM
mk-xii-14:2940312:2940390 [3] NCCL INFO Channel 14/0 : 3[3] -> 0[0] via P2P/CUMEM
mk-xii-14:2940309:2940384 [0] NCCL INFO Channel 18/0 : 0[0] -> 1[1] via P2P/CUMEM
mk-xii-14:2940311:2940387 [2] NCCL INFO Channel 03/0 : 2[2] -> 3[3] via P2P/CUMEM
mk-xii-14:2940310:2940388 [1] NCCL INFO Channel 00/0 : 1[1] -> 2[2] via P2P/CUMEM
mk-xii-14:2940312:2940390 [3] NCCL INFO Channel 15/0 : 3[3] -> 0[0] via P2P/CUMEM
mk-xii-14:2940309:2940384 [0] NCCL INFO Channel 19/0 : 0[0] -> 1[1] via P2P/CUMEM
mk-xii-14:2940311:2940387 [2] NCCL INFO Channel 04/0 : 2[2] -> 3[3] via P2P/CUMEM
mk-xii-14:2940310:2940388 [1] NCCL INFO Channel 01/0 : 1[1] -> 2[2] via P2P/CUMEM
mk-xii-14:2940312:2940390 [3] NCCL INFO Channel 16/0 : 3[3] -> 0[0] via P2P/CUMEM
mk-xii-14:2940309:2940384 [0] NCCL INFO Channel 20/0 : 0[0] -> 1[1] via P2P/CUMEM
mk-xii-14:2940311:2940387 [2] NCCL INFO Channel 05/0 : 2[2] -> 3[3] via P2P/CUMEM
mk-xii-14:2940310:2940388 [1] NCCL INFO Channel 02/0 : 1[1] -> 2[2] via P2P/CUMEM
mk-xii-14:2940312:2940390 [3] NCCL INFO Channel 17/0 : 3[3] -> 0[0] via P2P/CUMEM
mk-xii-14:2940309:2940384 [0] NCCL INFO Channel 21/0 : 0[0] -> 1[1] via P2P/CUMEM
mk-xii-14:2940311:2940387 [2] NCCL INFO Channel 06/0 : 2[2] -> 3[3] via P2P/CUMEM
mk-xii-14:2940310:2940388 [1] NCCL INFO Channel 03/0 : 1[1] -> 2[2] via P2P/CUMEM
mk-xii-14:2940312:2940390 [3] NCCL INFO Channel 18/0 : 3[3] -> 0[0] via P2P/CUMEM
mk-xii-14:2940309:2940384 [0] NCCL INFO Channel 22/0 : 0[0] -> 1[1] via P2P/CUMEM
mk-xii-14:2940311:2940387 [2] NCCL INFO Channel 07/0 : 2[2] -> 3[3] via P2P/CUMEM
mk-xii-14:2940310:2940388 [1] NCCL INFO Channel 04/0 : 1[1] -> 2[2] via P2P/CUMEM
mk-xii-14:2940312:2940390 [3] NCCL INFO Channel 19/0 : 3[3] -> 0[0] via P2P/CUMEM
mk-xii-14:2940309:2940384 [0] NCCL INFO Channel 23/0 : 0[0] -> 1[1] via P2P/CUMEM
mk-xii-14:2940311:2940387 [2] NCCL INFO Channel 08/0 : 2[2] -> 3[3] via P2P/CUMEM
mk-xii-14:2940310:2940388 [1] NCCL INFO Channel 05/0 : 1[1] -> 2[2] via P2P/CUMEM
mk-xii-14:2940312:2940390 [3] NCCL INFO Channel 20/0 : 3[3] -> 0[0] via P2P/CUMEM
mk-xii-14:2940311:2940387 [2] NCCL INFO Channel 09/0 : 2[2] -> 3[3] via P2P/CUMEM
mk-xii-14:2940310:2940388 [1] NCCL INFO Channel 06/0 : 1[1] -> 2[2] via P2P/CUMEM
mk-xii-14:2940312:2940390 [3] NCCL INFO Channel 21/0 : 3[3] -> 0[0] via P2P/CUMEM
mk-xii-14:2940311:2940387 [2] NCCL INFO Channel 10/0 : 2[2] -> 3[3] via P2P/CUMEM
mk-xii-14:2940310:2940388 [1] NCCL INFO Channel 07/0 : 1[1] -> 2[2] via P2P/CUMEM
mk-xii-14:2940312:2940390 [3] NCCL INFO Channel 22/0 : 3[3] -> 0[0] via P2P/CUMEM
mk-xii-14:2940311:2940387 [2] NCCL INFO Channel 11/0 : 2[2] -> 3[3] via P2P/CUMEM
mk-xii-14:2940310:2940388 [1] NCCL INFO Channel 08/0 : 1[1] -> 2[2] via P2P/CUMEM
mk-xii-14:2940312:2940390 [3] NCCL INFO Channel 23/0 : 3[3] -> 0[0] via P2P/CUMEM
mk-xii-14:2940311:2940387 [2] NCCL INFO Channel 12/0 : 2[2] -> 3[3] via P2P/CUMEM
mk-xii-14:2940310:2940388 [1] NCCL INFO Channel 09/0 : 1[1] -> 2[2] via P2P/CUMEM
mk-xii-14:2940311:2940387 [2] NCCL INFO Channel 13/0 : 2[2] -> 3[3] via P2P/CUMEM
mk-xii-14:2940310:2940388 [1] NCCL INFO Channel 10/0 : 1[1] -> 2[2] via P2P/CUMEM
mk-xii-14:2940311:2940387 [2] NCCL INFO Channel 14/0 : 2[2] -> 3[3] via P2P/CUMEM
mk-xii-14:2940310:2940388 [1] NCCL INFO Channel 11/0 : 1[1] -> 2[2] via P2P/CUMEM
mk-xii-14:2940310:2940388 [1] NCCL INFO Channel 12/0 : 1[1] -> 2[2] via P2P/CUMEM
mk-xii-14:2940310:2940388 [1] NCCL INFO Channel 13/0 : 1[1] -> 2[2] via P2P/CUMEM
mk-xii-14:2940310:2940388 [1] NCCL INFO Channel 14/0 : 1[1] -> 2[2] via P2P/CUMEM
mk-xii-14:2940311:2940387 [2] NCCL INFO Channel 15/0 : 2[2] -> 3[3] via P2P/CUMEM
mk-xii-14:2940310:2940388 [1] NCCL INFO Channel 15/0 : 1[1] -> 2[2] via P2P/CUMEM
mk-xii-14:2940311:2940387 [2] NCCL INFO Channel 16/0 : 2[2] -> 3[3] via P2P/CUMEM
mk-xii-14:2940310:2940388 [1] NCCL INFO Channel 16/0 : 1[1] -> 2[2] via P2P/CUMEM
mk-xii-14:2940311:2940387 [2] NCCL INFO Channel 17/0 : 2[2] -> 3[3] via P2P/CUMEM
mk-xii-14:2940310:2940388 [1] NCCL INFO Channel 17/0 : 1[1] -> 2[2] via P2P/CUMEM
mk-xii-14:2940311:2940387 [2] NCCL INFO Channel 18/0 : 2[2] -> 3[3] via P2P/CUMEM
mk-xii-14:2940310:2940388 [1] NCCL INFO Channel 18/0 : 1[1] -> 2[2] via P2P/CUMEM
mk-xii-14:2940311:2940387 [2] NCCL INFO Channel 19/0 : 2[2] -> 3[3] via P2P/CUMEM
mk-xii-14:2940310:2940388 [1] NCCL INFO Channel 19/0 : 1[1] -> 2[2] via P2P/CUMEM
mk-xii-14:2940311:2940387 [2] NCCL INFO Channel 20/0 : 2[2] -> 3[3] via P2P/CUMEM
mk-xii-14:2940310:2940388 [1] NCCL INFO Channel 20/0 : 1[1] -> 2[2] via P2P/CUMEM
mk-xii-14:2940311:2940387 [2] NCCL INFO Channel 21/0 : 2[2] -> 3[3] via P2P/CUMEM
mk-xii-14:2940310:2940388 [1] NCCL INFO Channel 21/0 : 1[1] -> 2[2] via P2P/CUMEM
mk-xii-14:2940311:2940387 [2] NCCL INFO Channel 22/0 : 2[2] -> 3[3] via P2P/CUMEM
mk-xii-14:2940310:2940388 [1] NCCL INFO Channel 22/0 : 1[1] -> 2[2] via P2P/CUMEM
mk-xii-14:2940311:2940387 [2] NCCL INFO Channel 23/0 : 2[2] -> 3[3] via P2P/CUMEM
mk-xii-14:2940310:2940388 [1] NCCL INFO Channel 23/0 : 1[1] -> 2[2] via P2P/CUMEM
mk-xii-14:2940312:2940390 [3] NCCL INFO Connected all rings
mk-xii-14:2940312:2940390 [3] NCCL INFO Channel 00/0 : 3[3] -> 2[2] via P2P/CUMEM
mk-xii-14:2940312:2940390 [3] NCCL INFO Channel 01/0 : 3[3] -> 2[2] via P2P/CUMEM
mk-xii-14:2940312:2940390 [3] NCCL INFO Channel 02/0 : 3[3] -> 2[2] via P2P/CUMEM
mk-xii-14:2940310:2940388 [1] NCCL INFO Connected all rings
mk-xii-14:2940309:2940384 [0] NCCL INFO Connected all rings
mk-xii-14:2940312:2940390 [3] NCCL INFO Channel 03/0 : 3[3] -> 2[2] via P2P/CUMEM
mk-xii-14:2940312:2940390 [3] NCCL INFO Channel 04/0 : 3[3] -> 2[2] via P2P/CUMEM
mk-xii-14:2940312:2940390 [3] NCCL INFO Channel 05/0 : 3[3] -> 2[2] via P2P/CUMEM
mk-xii-14:2940312:2940390 [3] NCCL INFO Channel 06/0 : 3[3] -> 2[2] via P2P/CUMEM
mk-xii-14:2940312:2940390 [3] NCCL INFO Channel 07/0 : 3[3] -> 2[2] via P2P/CUMEM
mk-xii-14:2940311:2940387 [2] NCCL INFO Connected all rings
mk-xii-14:2940312:2940390 [3] NCCL INFO Channel 08/0 : 3[3] -> 2[2] via P2P/CUMEM
mk-xii-14:2940312:2940390 [3] NCCL INFO Channel 09/0 : 3[3] -> 2[2] via P2P/CUMEM
mk-xii-14:2940312:2940390 [3] NCCL INFO Channel 10/0 : 3[3] -> 2[2] via P2P/CUMEM
mk-xii-14:2940312:2940390 [3] NCCL INFO Channel 11/0 : 3[3] -> 2[2] via P2P/CUMEM
mk-xii-14:2940312:2940390 [3] NCCL INFO Channel 12/0 : 3[3] -> 2[2] via P2P/CUMEM
mk-xii-14:2940312:2940390 [3] NCCL INFO Channel 13/0 : 3[3] -> 2[2] via P2P/CUMEM
mk-xii-14:2940312:2940390 [3] NCCL INFO Channel 14/0 : 3[3] -> 2[2] via P2P/CUMEM
mk-xii-14:2940312:2940390 [3] NCCL INFO Channel 15/0 : 3[3] -> 2[2] via P2P/CUMEM
mk-xii-14:2940312:2940390 [3] NCCL INFO Channel 16/0 : 3[3] -> 2[2] via P2P/CUMEM
mk-xii-14:2940312:2940390 [3] NCCL INFO Channel 17/0 : 3[3] -> 2[2] via P2P/CUMEM
mk-xii-14:2940312:2940390 [3] NCCL INFO Channel 18/0 : 3[3] -> 2[2] via P2P/CUMEM
mk-xii-14:2940312:2940390 [3] NCCL INFO Channel 19/0 : 3[3] -> 2[2] via P2P/CUMEM
mk-xii-14:2940312:2940390 [3] NCCL INFO Channel 20/0 : 3[3] -> 2[2] via P2P/CUMEM
mk-xii-14:2940312:2940390 [3] NCCL INFO Channel 21/0 : 3[3] -> 2[2] via P2P/CUMEM
mk-xii-14:2940312:2940390 [3] NCCL INFO Channel 22/0 : 3[3] -> 2[2] via P2P/CUMEM
mk-xii-14:2940312:2940390 [3] NCCL INFO Channel 23/0 : 3[3] -> 2[2] via P2P/CUMEM
mk-xii-14:2940311:2940387 [2] NCCL INFO Channel 00/0 : 2[2] -> 1[1] via P2P/CUMEM
mk-xii-14:2940311:2940387 [2] NCCL INFO Channel 01/0 : 2[2] -> 1[1] via P2P/CUMEM
mk-xii-14:2940311:2940387 [2] NCCL INFO Channel 02/0 : 2[2] -> 1[1] via P2P/CUMEM
mk-xii-14:2940311:2940387 [2] NCCL INFO Channel 03/0 : 2[2] -> 1[1] via P2P/CUMEM
mk-xii-14:2940311:2940387 [2] NCCL INFO Channel 04/0 : 2[2] -> 1[1] via P2P/CUMEM
mk-xii-14:2940311:2940387 [2] NCCL INFO Channel 05/0 : 2[2] -> 1[1] via P2P/CUMEM
mk-xii-14:2940311:2940387 [2] NCCL INFO Channel 06/0 : 2[2] -> 1[1] via P2P/CUMEM
mk-xii-14:2940310:2940388 [1] NCCL INFO Channel 00/0 : 1[1] -> 0[0] via P2P/CUMEM
mk-xii-14:2940311:2940387 [2] NCCL INFO Channel 07/0 : 2[2] -> 1[1] via P2P/CUMEM
mk-xii-14:2940310:2940388 [1] NCCL INFO Channel 01/0 : 1[1] -> 0[0] via P2P/CUMEM
mk-xii-14:2940311:2940387 [2] NCCL INFO Channel 08/0 : 2[2] -> 1[1] via P2P/CUMEM
mk-xii-14:2940310:2940388 [1] NCCL INFO Channel 02/0 : 1[1] -> 0[0] via P2P/CUMEM
mk-xii-14:2940311:2940387 [2] NCCL INFO Channel 09/0 : 2[2] -> 1[1] via P2P/CUMEM
mk-xii-14:2940310:2940388 [1] NCCL INFO Channel 03/0 : 1[1] -> 0[0] via P2P/CUMEM
mk-xii-14:2940311:2940387 [2] NCCL INFO Channel 10/0 : 2[2] -> 1[1] via P2P/CUMEM
mk-xii-14:2940310:2940388 [1] NCCL INFO Channel 04/0 : 1[1] -> 0[0] via P2P/CUMEM
mk-xii-14:2940311:2940387 [2] NCCL INFO Channel 11/0 : 2[2] -> 1[1] via P2P/CUMEM
mk-xii-14:2940310:2940388 [1] NCCL INFO Channel 05/0 : 1[1] -> 0[0] via P2P/CUMEM
mk-xii-14:2940311:2940387 [2] NCCL INFO Channel 12/0 : 2[2] -> 1[1] via P2P/CUMEM
mk-xii-14:2940310:2940388 [1] NCCL INFO Channel 06/0 : 1[1] -> 0[0] via P2P/CUMEM
mk-xii-14:2940311:2940387 [2] NCCL INFO Channel 13/0 : 2[2] -> 1[1] via P2P/CUMEM
mk-xii-14:2940310:2940388 [1] NCCL INFO Channel 07/0 : 1[1] -> 0[0] via P2P/CUMEM
mk-xii-14:2940311:2940387 [2] NCCL INFO Channel 14/0 : 2[2] -> 1[1] via P2P/CUMEM
mk-xii-14:2940310:2940388 [1] NCCL INFO Channel 08/0 : 1[1] -> 0[0] via P2P/CUMEM
mk-xii-14:2940311:2940387 [2] NCCL INFO Channel 15/0 : 2[2] -> 1[1] via P2P/CUMEM
mk-xii-14:2940310:2940388 [1] NCCL INFO Channel 09/0 : 1[1] -> 0[0] via P2P/CUMEM
mk-xii-14:2940311:2940387 [2] NCCL INFO Channel 16/0 : 2[2] -> 1[1] via P2P/CUMEM
mk-xii-14:2940310:2940388 [1] NCCL INFO Channel 10/0 : 1[1] -> 0[0] via P2P/CUMEM
mk-xii-14:2940311:2940387 [2] NCCL INFO Channel 17/0 : 2[2] -> 1[1] via P2P/CUMEM
mk-xii-14:2940310:2940388 [1] NCCL INFO Channel 11/0 : 1[1] -> 0[0] via P2P/CUMEM
mk-xii-14:2940311:2940387 [2] NCCL INFO Channel 18/0 : 2[2] -> 1[1] via P2P/CUMEM
mk-xii-14:2940310:2940388 [1] NCCL INFO Channel 12/0 : 1[1] -> 0[0] via P2P/CUMEM
mk-xii-14:2940311:2940387 [2] NCCL INFO Channel 19/0 : 2[2] -> 1[1] via P2P/CUMEM
mk-xii-14:2940310:2940388 [1] NCCL INFO Channel 13/0 : 1[1] -> 0[0] via P2P/CUMEM
mk-xii-14:2940311:2940387 [2] NCCL INFO Channel 20/0 : 2[2] -> 1[1] via P2P/CUMEM
mk-xii-14:2940310:2940388 [1] NCCL INFO Channel 14/0 : 1[1] -> 0[0] via P2P/CUMEM
mk-xii-14:2940311:2940387 [2] NCCL INFO Channel 21/0 : 2[2] -> 1[1] via P2P/CUMEM
mk-xii-14:2940310:2940388 [1] NCCL INFO Channel 15/0 : 1[1] -> 0[0] via P2P/CUMEM
mk-xii-14:2940311:2940387 [2] NCCL INFO Channel 22/0 : 2[2] -> 1[1] via P2P/CUMEM
mk-xii-14:2940310:2940388 [1] NCCL INFO Channel 16/0 : 1[1] -> 0[0] via P2P/CUMEM
mk-xii-14:2940311:2940387 [2] NCCL INFO Channel 23/0 : 2[2] -> 1[1] via P2P/CUMEM
mk-xii-14:2940310:2940388 [1] NCCL INFO Channel 17/0 : 1[1] -> 0[0] via P2P/CUMEM
mk-xii-14:2940310:2940388 [1] NCCL INFO Channel 18/0 : 1[1] -> 0[0] via P2P/CUMEM
mk-xii-14:2940310:2940388 [1] NCCL INFO Channel 19/0 : 1[1] -> 0[0] via P2P/CUMEM
mk-xii-14:2940310:2940388 [1] NCCL INFO Channel 20/0 : 1[1] -> 0[0] via P2P/CUMEM
mk-xii-14:2940310:2940388 [1] NCCL INFO Channel 21/0 : 1[1] -> 0[0] via P2P/CUMEM
mk-xii-14:2940310:2940388 [1] NCCL INFO Channel 22/0 : 1[1] -> 0[0] via P2P/CUMEM
mk-xii-14:2940310:2940388 [1] NCCL INFO Channel 23/0 : 1[1] -> 0[0] via P2P/CUMEM
mk-xii-14:2940312:2940390 [3] NCCL INFO Connected all trees
mk-xii-14:2940309:2940384 [0] NCCL INFO Connected all trees
mk-xii-14:2940311:2940387 [2] NCCL INFO Connected all trees
mk-xii-14:2940310:2940388 [1] NCCL INFO Connected all trees
mk-xii-14:2940311:2940387 [2] NCCL INFO NVLS comm 0x1a21b3f0 headRank 2 nHeads 4 buffSize 4194304 memSize 2097152 nvlsPerRankSize 301989888 nvlsTotalSize 1207959552
mk-xii-14:2940312:2940390 [3] NCCL INFO NVLS comm 0x1a34e4c0 headRank 3 nHeads 4 buffSize 4194304 memSize 2097152 nvlsPerRankSize 301989888 nvlsTotalSize 1207959552
mk-xii-14:2940310:2940388 [1] NCCL INFO NVLS comm 0x197c69b0 headRank 1 nHeads 4 buffSize 4194304 memSize 2097152 nvlsPerRankSize 301989888 nvlsTotalSize 1207959552
mk-xii-14:2940309:2940384 [0] NCCL INFO NVLS comm 0x19647370 headRank 0 nHeads 4 buffSize 4194304 memSize 2097152 nvlsPerRankSize 301989888 nvlsTotalSize 1207959552
mk-xii-14:2940311:2940387 [2] NCCL INFO threadThresholds 8/8/64 | 32/8/64 | 512 | 512
mk-xii-14:2940311:2940387 [2] NCCL INFO 24 coll channels, 0 collnet channels, 16 nvls channels, 32 p2p channels, 32 p2p channels per peer
mk-xii-14:2940312:2940390 [3] NCCL INFO threadThresholds 8/8/64 | 32/8/64 | 512 | 512
mk-xii-14:2940312:2940390 [3] NCCL INFO 24 coll channels, 0 collnet channels, 16 nvls channels, 32 p2p channels, 32 p2p channels per peer
mk-xii-14:2940309:2940384 [0] NCCL INFO threadThresholds 8/8/64 | 32/8/64 | 512 | 512
mk-xii-14:2940309:2940384 [0] NCCL INFO 24 coll channels, 0 collnet channels, 16 nvls channels, 32 p2p channels, 32 p2p channels per peer
mk-xii-14:2940310:2940388 [1] NCCL INFO threadThresholds 8/8/64 | 32/8/64 | 512 | 512
mk-xii-14:2940310:2940388 [1] NCCL INFO 24 coll channels, 0 collnet channels, 16 nvls channels, 32 p2p channels, 32 p2p channels per peer
mk-xii-14:2940309:2940384 [0] NCCL INFO comm 0x19647370 rank 0 nranks 4 cudaDev 0 nvmlDev 0 busId 11000 commId 0x124fadbf17212626 - Init COMPLETE
mk-xii-14:2940311:2940387 [2] NCCL INFO comm 0x1a21b3f0 rank 2 nranks 4 cudaDev 2 nvmlDev 2 busId 13000 commId 0x124fadbf17212626 - Init COMPLETE
mk-xii-14:2940310:2940388 [1] NCCL INFO comm 0x197c69b0 rank 1 nranks 4 cudaDev 1 nvmlDev 1 busId 12000 commId 0x124fadbf17212626 - Init COMPLETE
mk-xii-14:2940312:2940390 [3] NCCL INFO comm 0x1a34e4c0 rank 3 nranks 4 cudaDev 3 nvmlDev 3 busId 14000 commId 0x124fadbf17212626 - Init COMPLETE
Prefill latency: 0.013217044994235039 sec
Decode latency: 0.3872047169134021 sec
Compilation time: 0.40 seconds
Compilation time: 0.42 seconds
Compilation time: 0.40 seconds
Compilation time: 0.40 seconds
Prefill latency: 0.01105425413697958 sec
Decode latency: 0.3867055522277951 sec
Prefill latency: 0.011037321761250496 sec
Decode latency: 0.3870366895571351 sec
Prefill latency: 0.011014687828719616 sec
Decode latency: 0.3868054673075676 sec
Prefill latency: 0.011118987575173378 sec
Decode latency: 0.38654895313084126 sec
Prefill latency: 0.011067762970924377 sec
Decode latency: 0.3865710971876979 sec
Time for inference 1: 0.40 sec total, 642.99 tokens/sec
Decode latency: 0.39 sec
Prefill latency: 0.01 sec
Bandwidth achieved: 4731.90 GB/s
FLOPS achieved: 14.20 TF/s

Prefill latency: 0.011081898584961891 sec
Decode latency: 0.3868455868214369 sec
Time for inference 2: 0.40 sec total, 642.55 tokens/sec
Decode latency: 0.39 sec
Prefill latency: 0.01 sec
Bandwidth achieved: 4728.61 GB/s
FLOPS achieved: 14.19 TF/s

==========
Batch Size: 4
Prompt Length: 128
Generated tokens: 64
Average decode latency: 0.3867 sec
Average prefill latency: 0.0111 sec
Average tokens/sec: 642.77
Memory used: 8.96 GB
Done. we are killing the process
